[autonomous_navigation-37] [INFO] [1706938079.157252531] [robot2.autonomous_navigation]: Lethal Detected: 0.000
[autonomous_navigation-37] [INFO] [1706938079.162480656] [robot2.autonomous_navigation]: Canceling current task.
[autonomous_navigation-37] [INFO] [1706938079.168804157] [robot2.autonomous_navigation]: Backing up 0.15 m at 0.11 m/s....
[component_container_isolated-15] [INFO] [1706938079.170589993] [robot2.behavior_server]: Running backup
[rviz2-5] [INFO] [1706938079.550995034] [robot1.rviz]: Message Filter dropping message: frame 'camera_link' at time 0.893 for reason 'discarding message because the queue is full'
[autonomous_navigation-43] [INFO] [1706938079.828802939] [robot3.autonomous_navigation]: Nav2 is ready for use!
[autonomous_navigation-43] [INFO] [1706938079.939854543] [robot3.autonomous_navigation]: Lethal Detected: 0.000
[autonomous_navigation-43] [INFO] [1706938079.941851164] [robot3.autonomous_navigation]: Canceling current task.
[autonomous_navigation-43] [INFO] [1706938079.953109892] [robot3.autonomous_navigation]: Backing up 0.15 m at 0.11 m/s....
[component_container_isolated-22] [INFO] [1706938079.954477245] [robot3.behavior_server]: Running backup
[rviz2-19] [INFO] [1706938082.258570816] [robot3.rviz]: Message Filter dropping message: frame 'camera_link' at time 1.154 for reason 'discarding message because the queue is full'
[autonomous_navigation-31] [INFO] [1706938083.775163881] [robot1.autonomous_navigation]: Distance travelled: 0.13 metres
[autonomous_navigation-31] [INFO] [1706938083.905418289] [robot1.autonomous_navigation]: Distance travelled: 0.13 metres
[autonomous_navigation-31] [INFO] [1706938084.197706037] [robot1.autonomous_navigation]: Distance travelled: 0.14 metres
[autonomous_navigation-37] [INFO] [1706938084.278792477] [robot2.autonomous_navigation]: Distance travelled: 0.13 metres
[autonomous_navigation-37] [INFO] [1706938084.399340302] [robot2.autonomous_navigation]: Distance travelled: 0.13 metres
[component_container_isolated-8] [INFO] [1706938084.567780263] [robot1.behavior_server]: backup completed successfully
[autonomous_navigation-31] [INFO] [1706938084.572392955] [robot1.autonomous_navigation]: Backup succeeded!
[autonomous_navigation-37] [INFO] [1706938084.618581543] [robot2.autonomous_navigation]: Distance travelled: 0.14 metres
[autonomous_navigation-37] [INFO] [1706938085.019198306] [robot2.autonomous_navigation]: Distance travelled: 0.15 metres
[autonomous_navigation-43] [INFO] [1706938085.064022227] [robot3.autonomous_navigation]: Distance travelled: 0.13 metres
[component_container_isolated-15] [INFO] [1706938085.071048276] [robot2.behavior_server]: backup completed successfully
[autonomous_navigation-43] [INFO] [1706938085.169957510] [robot3.autonomous_navigation]: Distance travelled: 0.14 metres
[autonomous_navigation-37] [INFO] [1706938085.333939925] [robot2.autonomous_navigation]: Backup succeeded!
[autonomous_navigation-43] [INFO] [1706938085.442509114] [robot3.autonomous_navigation]: Distance travelled: 0.14 metres
[component_container_isolated-22] [INFO] [1706938085.756740233] [robot3.behavior_server]: backup completed successfully
[autonomous_navigation-43] [INFO] [1706938085.764987004] [robot3.autonomous_navigation]: Backup succeeded!
[rviz2-12] [INFO] [1706938107.956437630] [robot2.rviz]: Message Filter dropping message: frame 'odom' at time 0.503 for reason 'the timestamp on the message is earlier than all the data in the transform cache'
[rviz2-19] [INFO] [1706938107.998599074] [robot3.rviz]: Message Filter dropping message: frame 'odom' at time 0.503 for reason 'the timestamp on the message is earlier than all the data in the transform cache'
[rviz2-5] [INFO] [1706938108.008664069] [robot1.rviz]: Message Filter dropping message: frame 'odom' at time 0.503 for reason 'the timestamp on the message is earlier than all the data in the transform cache'
[rviz2-12] [INFO] [1706938108.729709485] [robot2.rviz]: Message Filter dropping message: frame 'odom' at time 0.701 for reason 'the timestamp on the message is earlier than all the data in the transform cache'
[rviz2-12] [INFO] [1706938108.729900218] [robot2.rviz]: Message Filter dropping message: frame 'odom' at time 0.769 for reason 'the timestamp on the message is earlier than all the data in the transform cache'
[rviz2-5] [INFO] [1706938108.788369516] [robot1.rviz]: Message Filter dropping message: frame 'odom' at time 0.715 for reason 'the timestamp on the message is earlier than all the data in the transform cache'
[rviz2-5] [INFO] [1706938108.788592188] [robot1.rviz]: Message Filter dropping message: frame 'odom' at time 0.749 for reason 'the timestamp on the message is earlier than all the data in the transform cache'
[rviz2-12] [INFO] [1706938109.526688253] [robot2.rviz]: Message Filter dropping message: frame 'odom' at time 0.973 for reason 'the timestamp on the message is earlier than all the data in the transform cache'
[rviz2-12] [INFO] [1706938109.527571317] [robot2.rviz]: Message Filter dropping message: frame 'odom' at time 0.973 for reason 'the timestamp on the message is earlier than all the data in the transform cache'
[rviz2-12] [INFO] [1706938109.527667953] [robot2.rviz]: Message Filter dropping message: frame 'odom' at time 0.939 for reason 'the timestamp on the message is earlier than all the data in the transform cache'
[rviz2-12] [INFO] [1706938109.527793795] [robot2.rviz]: Message Filter dropping message: frame 'odom' at time 0.803 for reason 'the timestamp on the message is earlier than all the data in the transform cache'
[rviz2-12] [INFO] [1706938109.527883300] [robot2.rviz]: Message Filter dropping message: frame 'odom' at time 0.939 for reason 'the timestamp on the message is earlier than all the data in the transform cache'
[rviz2-12] [INFO] [1706938109.527951288] [robot2.rviz]: Message Filter dropping message: frame 'odom' at time 0.871 for reason 'the timestamp on the message is earlier than all the data in the transform cache'
[rviz2-12] [INFO] [1706938109.528002500] [robot2.rviz]: Message Filter dropping message: frame 'odom' at time 0.905 for reason 'the timestamp on the message is earlier than all the data in the transform cache'
[rviz2-19] [INFO] [1706938109.566384402] [robot3.rviz]: Message Filter dropping message: frame 'odom' at time 0.916 for reason 'the timestamp on the message is earlier than all the data in the transform cache'
[rviz2-19] [INFO] [1706938109.567435853] [robot3.rviz]: Message Filter dropping message: frame 'odom' at time 0.984 for reason 'the timestamp on the message is earlier than all the data in the transform cache'
[rviz2-5] [INFO] [1706938109.581698301] [robot1.rviz]: Message Filter dropping message: frame 'odom' at time 0.987 for reason 'the timestamp on the message is earlier than all the data in the transform cache'
[rviz2-5] [INFO] [1706938109.582029348] [robot1.rviz]: Message Filter dropping message: frame 'odom' at time 0.953 for reason 'the timestamp on the message is earlier than all the data in the transform cache'
[rviz2-5] [INFO] [1706938109.582147900] [robot1.rviz]: Message Filter dropping message: frame 'odom' at time 0.987 for reason 'the timestamp on the message is earlier than all the data in the transform cache'
[rviz2-5] [INFO] [1706938109.582246385] [robot1.rviz]: Message Filter dropping message: frame 'odom' at time 0.817 for reason 'the timestamp on the message is earlier than all the data in the transform cache'
[rviz2-5] [INFO] [1706938109.582438861] [robot1.rviz]: Message Filter dropping message: frame 'odom' at time 0.919 for reason 'the timestamp on the message is earlier than all the data in the transform cache'
[rviz2-5] [INFO] [1706938109.582535242] [robot1.rviz]: Message Filter dropping message: frame 'odom' at time 0.919 for reason 'the timestamp on the message is earlier than all the data in the transform cache'
[rviz2-5] [INFO] [1706938109.582624093] [robot1.rviz]: Message Filter dropping message: frame 'odom' at time 0.885 for reason 'the timestamp on the message is earlier than all the data in the transform cache'
[rviz2-5] [INFO] [1706938110.262448280] [robot1.rviz]: Message Filter dropping message: frame 'odom' at time 1.191 for reason 'the timestamp on the message is earlier than all the data in the transform cache'
[rviz2-5] [INFO] [1706938110.262705822] [robot1.rviz]: Message Filter dropping message: frame 'odom' at time 1.157 for reason 'the timestamp on the message is earlier than all the data in the transform cache'
[rviz2-5] [INFO] [1706938110.262774584] [robot1.rviz]: Message Filter dropping message: frame 'odom' at time 1.191 for reason 'the timestamp on the message is earlier than all the data in the transform cache'
[rviz2-5] [INFO] [1706938110.262865981] [robot1.rviz]: Message Filter dropping message: frame 'odom' at time 1.123 for reason 'the timestamp on the message is earlier than all the data in the transform cache'
[rviz2-5] [INFO] [1706938110.262927298] [robot1.rviz]: Message Filter dropping message: frame 'odom' at time 1.089 for reason 'the timestamp on the message is earlier than all the data in the transform cache'
[rviz2-5] [INFO] [1706938110.263023005] [robot1.rviz]: Message Filter dropping message: frame 'odom' at time 1.055 for reason 'the timestamp on the message is earlier than all the data in the transform cache'
[rviz2-5] [INFO] [1706938110.263109821] [robot1.rviz]: Message Filter dropping message: frame 'odom' at time 1.021 for reason 'the timestamp on the message is earlier than all the data in the transform cache'
[rviz2-5] [INFO] [1706938110.263158558] [robot1.rviz]: Message Filter dropping message: frame 'odom' at time 1.123 for reason 'the timestamp on the message is earlier than all the data in the transform cache'
[rviz2-5] [INFO] [1706938110.263270996] [robot1.rviz]: Message Filter dropping message: frame 'odom' at time 1.051 for reason 'the timestamp on the message is earlier than all the data in the transform cache'
[rviz2-5] [INFO] [1706938110.263394808] [robot1.rviz]: Message Filter dropping message: frame 'odom' at time 1.055 for reason 'the timestamp on the message is earlier than all the data in the transform cache'
[rviz2-12] [INFO] [1706938110.337291608] [robot2.rviz]: Message Filter dropping message: frame 'base_scan' at time 0.202 for reason 'the timestamp on the message is earlier than all the data in the transform cache'
[rviz2-12] [INFO] [1706938110.339442973] [robot2.rviz]: Message Filter dropping message: frame 'base_scan' at time 0.202 for reason 'the timestamp on the message is earlier than all the data in the transform cache'
[rviz2-12] [INFO] [1706938110.345480639] [robot2.rviz]: Message Filter dropping message: frame 'odom' at time 1.177 for reason 'the timestamp on the message is earlier than all the data in the transform cache'
[rviz2-12] [INFO] [1706938110.345628104] [robot2.rviz]: Message Filter dropping message: frame 'odom' at time 1.007 for reason 'the timestamp on the message is earlier than all the data in the transform cache'
[rviz2-12] [INFO] [1706938110.345842305] [robot2.rviz]: Message Filter dropping message: frame 'odom' at time 1.177 for reason 'the timestamp on the message is earlier than all the data in the transform cache'
[rviz2-12] [INFO] [1706938110.345980693] [robot2.rviz]: Message Filter dropping message: frame 'odom' at time 1.109 for reason 'the timestamp on the message is earlier than all the data in the transform cache'
[rviz2-12] [INFO] [1706938110.346077403] [robot2.rviz]: Message Filter dropping message: frame 'odom' at time 1.143 for reason 'the timestamp on the message is earlier than all the data in the transform cache'
[rviz2-12] [INFO] [1706938110.346167956] [robot2.rviz]: Message Filter dropping message: frame 'odom' at time 1.109 for reason 'the timestamp on the message is earlier than all the data in the transform cache'
[rviz2-12] [INFO] [1706938110.346234968] [robot2.rviz]: Message Filter dropping message: frame 'odom' at time 1.041 for reason 'the timestamp on the message is earlier than all the data in the transform cache'
[rviz2-12] [INFO] [1706938110.346304987] [robot2.rviz]: Message Filter dropping message: frame 'odom' at time 1.051 for reason 'the timestamp on the message is earlier than all the data in the transform cache'
[rviz2-12] [INFO] [1706938110.346546610] [robot2.rviz]: Message Filter dropping message: frame 'odom' at time 1.075 for reason 'the timestamp on the message is earlier than all the data in the transform cache'
[rviz2-12] [INFO] [1706938110.346617285] [robot2.rviz]: Message Filter dropping message: frame 'odom' at time 1.041 for reason 'the timestamp on the message is earlier than all the data in the transform cache'
[rviz2-19] [INFO] [1706938110.390397523] [robot3.rviz]: Message Filter dropping message: frame 'odom' at time 1.154 for reason 'the timestamp on the message is earlier than all the data in the transform cache'
[rviz2-19] [INFO] [1706938110.393844492] [robot3.rviz]: Message Filter dropping message: frame 'odom' at time 1.120 for reason 'the timestamp on the message is earlier than all the data in the transform cache'
[rviz2-19] [INFO] [1706938110.394910832] [robot3.rviz]: Message Filter dropping message: frame 'odom' at time 1.052 for reason 'the timestamp on the message is earlier than all the data in the transform cache'
[rviz2-19] [INFO] [1706938110.396097030] [robot3.rviz]: Message Filter dropping message: frame 'odom' at time 1.051 for reason 'the timestamp on the message is earlier than all the data in the transform cache'
[rviz2-19] [INFO] [1706938110.396384332] [robot3.rviz]: Message Filter dropping message: frame 'odom' at time 1.120 for reason 'the timestamp on the message is earlier than all the data in the transform cache'
[rviz2-5] [INFO] [1706938110.396674296] [robot1.rviz]: Message Filter dropping message: frame 'base_scan' at time 0.201 for reason 'the timestamp on the message is earlier than all the data in the transform cache'
[rviz2-5] [INFO] [1706938110.396805820] [robot1.rviz]: Message Filter dropping message: frame 'base_scan' at time 0.201 for reason 'the timestamp on the message is earlier than all the data in the transform cache'
[rviz2-19] [INFO] [1706938110.397598571] [robot3.rviz]: Message Filter dropping message: frame 'odom' at time 1.188 for reason 'the timestamp on the message is earlier than all the data in the transform cache'
[rviz2-19] [INFO] [1706938110.397738441] [robot3.rviz]: Message Filter dropping message: frame 'odom' at time 1.188 for reason 'the timestamp on the message is earlier than all the data in the transform cache'
[rviz2-19] [INFO] [1706938110.528812019] [robot3.rviz]: Message Filter dropping message: frame 'base_scan' at time 0.236 for reason 'the timestamp on the message is earlier than all the data in the transform cache'
[rviz2-19] [INFO] [1706938110.529316193] [robot3.rviz]: Message Filter dropping message: frame 'base_scan' at time 0.236 for reason 'the timestamp on the message is earlier than all the data in the transform cache'
[autonomous_navigation-37] [INFO] [1706938111.084677843] [robot2.autonomous_navigation]: Deviation Angular Z Correction: 0.573
[rviz2-5] [INFO] [1706938111.088286711] [robot1.rviz]: Message Filter dropping message: frame 'base_scan' at time 0.401 for reason 'the timestamp on the message is earlier than all the data in the transform cache'
[rviz2-5] [INFO] [1706938111.088412800] [robot1.rviz]: Message Filter dropping message: frame 'base_scan' at time 0.401 for reason 'the timestamp on the message is earlier than all the data in the transform cache'
[rviz2-5] [INFO] [1706938111.088490573] [robot1.rviz]: Message Filter dropping message: frame 'base_scan' at time 0.401 for reason 'the timestamp on the message is earlier than all the data in the transform cache'
[rviz2-19] [INFO] [1706938111.092516790] [robot3.rviz]: Message Filter dropping message: frame 'odom' at time 1.392 for reason 'the timestamp on the message is earlier than all the data in the transform cache'
[rviz2-19] [INFO] [1706938111.092756905] [robot3.rviz]: Message Filter dropping message: frame 'odom' at time 1.222 for reason 'the timestamp on the message is earlier than all the data in the transform cache'
[rviz2-19] [INFO] [1706938111.092821404] [robot3.rviz]: Message Filter dropping message: frame 'odom' at time 1.392 for reason 'the timestamp on the message is earlier than all the data in the transform cache'
[rviz2-19] [INFO] [1706938111.092909065] [robot3.rviz]: Message Filter dropping message: frame 'odom' at time 1.358 for reason 'the timestamp on the message is earlier than all the data in the transform cache'
[rviz2-19] [INFO] [1706938111.092996434] [robot3.rviz]: Message Filter dropping message: frame 'odom' at time 1.358 for reason 'the timestamp on the message is earlier than all the data in the transform cache'
[rviz2-19] [INFO] [1706938111.093064501] [robot3.rviz]: Message Filter dropping message: frame 'odom' at time 1.324 for reason 'the timestamp on the message is earlier than all the data in the transform cache'
[rviz2-19] [INFO] [1706938111.093123064] [robot3.rviz]: Message Filter dropping message: frame 'odom' at time 1.290 for reason 'the timestamp on the message is earlier than all the data in the transform cache'
[rviz2-19] [INFO] [1706938111.093225065] [robot3.rviz]: Message Filter dropping message: frame 'odom' at time 1.290 for reason 'the timestamp on the message is earlier than all the data in the transform cache'
[rviz2-19] [INFO] [1706938111.093308596] [robot3.rviz]: Message Filter dropping message: frame 'odom' at time 1.256 for reason 'the timestamp on the message is earlier than all the data in the transform cache'
[rviz2-19] [INFO] [1706938111.093347078] [robot3.rviz]: Message Filter dropping message: frame 'odom' at time 1.222 for reason 'the timestamp on the message is earlier than all the data in the transform cache'
[rviz2-12] [INFO] [1706938111.170005805] [robot2.rviz]: Message Filter dropping message: frame 'base_scan' at time 0.401 for reason 'the timestamp on the message is earlier than all the data in the transform cache'
[rviz2-12] [INFO] [1706938111.170347767] [robot2.rviz]: Message Filter dropping message: frame 'base_scan' at time 0.401 for reason 'the timestamp on the message is earlier than all the data in the transform cache'
[rviz2-12] [INFO] [1706938111.173458495] [robot2.rviz]: Message Filter dropping message: frame 'base_scan' at time 0.401 for reason 'the timestamp on the message is earlier than all the data in the transform cache'
[rviz2-19] [INFO] [1706938111.223192302] [robot3.rviz]: Message Filter dropping message: frame 'base_scan' at time 0.402 for reason 'the timestamp on the message is earlier than all the data in the transform cache'
[rviz2-19] [INFO] [1706938111.223679971] [robot3.rviz]: Message Filter dropping message: frame 'base_scan' at time 0.402 for reason 'the timestamp on the message is earlier than all the data in the transform cache'
[rviz2-19] [INFO] [1706938111.223797413] [robot3.rviz]: Message Filter dropping message: frame 'base_scan' at time 0.402 for reason 'the timestamp on the message is earlier than all the data in the transform cache'
[autonomous_navigation-37] [INFO] [1706938111.497697016] [robot2.autonomous_navigation]: Deviation Angular Z Correction: 0.573
[rviz2-19] [INFO] [1706938111.969589646] [robot3.rviz]: Message Filter dropping message: frame 'base_scan' at time 0.603 for reason 'the timestamp on the message is earlier than all the data in the transform cache'
[rviz2-19] [INFO] [1706938111.969891852] [robot3.rviz]: Message Filter dropping message: frame 'base_scan' at time 0.603 for reason 'the timestamp on the message is earlier than all the data in the transform cache'
[rviz2-19] [INFO] [1706938111.970177246] [robot3.rviz]: Message Filter dropping message: frame 'base_scan' at time 0.603 for reason 'the timestamp on the message is earlier than all the data in the transform cache'
[rviz2-5] [INFO] [1706938111.994846018] [robot1.rviz]: Message Filter dropping message: frame 'base_scan' at time 0.601 for reason 'the timestamp on the message is earlier than all the data in the transform cache'
[rviz2-5] [INFO] [1706938111.997772107] [robot1.rviz]: Message Filter dropping message: frame 'base_scan' at time 0.601 for reason 'the timestamp on the message is earlier than all the data in the transform cache'
[rviz2-5] [INFO] [1706938111.997964491] [robot1.rviz]: Message Filter dropping message: frame 'base_scan' at time 0.601 for reason 'the timestamp on the message is earlier than all the data in the transform cache'
[autonomous_navigation-37] [INFO] [1706938112.019655986] [robot2.autonomous_navigation]: Deviation Angular Z Correction: 0.629
[rviz2-12] [INFO] [1706938112.078709936] [robot2.rviz]: Message Filter dropping message: frame 'base_scan' at time 0.601 for reason 'the timestamp on the message is earlier than all the data in the transform cache'
[rviz2-12] [INFO] [1706938112.078859105] [robot2.rviz]: Message Filter dropping message: frame 'base_scan' at time 0.601 for reason 'the timestamp on the message is earlier than all the data in the transform cache'
[rviz2-12] [INFO] [1706938112.078991913] [robot2.rviz]: Message Filter dropping message: frame 'base_scan' at time 0.601 for reason 'the timestamp on the message is earlier than all the data in the transform cache'
[autonomous_navigation-37] [INFO] [1706938112.434528069] [robot2.autonomous_navigation]: Deviation Angular Z Correction: 0.629
[autonomous_navigation-37] [INFO] [1706938112.832723752] [robot2.autonomous_navigation]: Deviation Angular Z Correction: 0.689
[rviz2-19] [INFO] [1706938112.875761563] [robot3.rviz]: Message Filter dropping message: frame 'base_scan' at time 0.802 for reason 'the timestamp on the message is earlier than all the data in the transform cache'
[rviz2-19] [INFO] [1706938112.875990791] [robot3.rviz]: Message Filter dropping message: frame 'base_scan' at time 0.802 for reason 'the timestamp on the message is earlier than all the data in the transform cache'
[rviz2-19] [INFO] [1706938112.876153505] [robot3.rviz]: Message Filter dropping message: frame 'base_scan' at time 0.802 for reason 'the timestamp on the message is earlier than all the data in the transform cache'
[rviz2-5] [INFO] [1706938112.891306132] [robot1.rviz]: Message Filter dropping message: frame 'base_scan' at time 0.801 for reason 'the timestamp on the message is earlier than all the data in the transform cache'
[rviz2-5] [INFO] [1706938112.891453460] [robot1.rviz]: Message Filter dropping message: frame 'base_scan' at time 0.801 for reason 'the timestamp on the message is earlier than all the data in the transform cache'
[rviz2-5] [INFO] [1706938112.891515796] [robot1.rviz]: Message Filter dropping message: frame 'base_scan' at time 0.801 for reason 'the timestamp on the message is earlier than all the data in the transform cache'
[rviz2-12] [INFO] [1706938112.985701472] [robot2.rviz]: Message Filter dropping message: frame 'base_scan' at time 0.801 for reason 'the timestamp on the message is earlier than all the data in the transform cache'
[rviz2-12] [INFO] [1706938112.985894718] [robot2.rviz]: Message Filter dropping message: frame 'base_scan' at time 0.801 for reason 'the timestamp on the message is earlier than all the data in the transform cache'
[rviz2-12] [INFO] [1706938112.985997593] [robot2.rviz]: Message Filter dropping message: frame 'base_scan' at time 0.801 for reason 'the timestamp on the message is earlier than all the data in the transform cache'
[rviz2-5] [INFO] [1706938113.315169470] [robot1.rviz]: Message Filter dropping message: frame 'camera_rgb_optical_frame' at time 0.904 for reason 'the timestamp on the message is earlier than all the data in the transform cache'
[autonomous_navigation-37] [INFO] [1706938113.351261674] [robot2.autonomous_navigation]: Deviation Angular Z Correction: 0.689
[rviz2-12] [INFO] [1706938113.409313179] [robot2.rviz]: Message Filter dropping message: frame 'camera_rgb_optical_frame' at time 0.925 for reason 'the timestamp on the message is earlier than all the data in the transform cache'
[rviz2-5] [INFO] [1706938113.474229622] [robot1.rviz]: Message Filter dropping message: frame 'camera_rgb_optical_frame' at time 0.947 for reason 'the timestamp on the message is earlier than all the data in the transform cache'
[rviz2-12] [INFO] [1706938113.564081137] [robot2.rviz]: Message Filter dropping message: frame 'camera_link' at time 0.953 for reason 'the timestamp on the message is earlier than all the data in the transform cache'
[rviz2-12] [INFO] [1706938113.564241401] [robot2.rviz]: Message Filter dropping message: frame 'camera_rgb_optical_frame' at time 0.961 for reason 'the timestamp on the message is earlier than all the data in the transform cache'
[rviz2-5] [INFO] [1706938113.623958190] [robot1.rviz]: Message Filter dropping message: frame 'camera_rgb_optical_frame' at time 0.970 for reason 'the timestamp on the message is earlier than all the data in the transform cache'
[rviz2-5] [INFO] [1706938113.624149199] [robot1.rviz]: Message Filter dropping message: frame 'camera_link' at time 0.953 for reason 'the timestamp on the message is earlier than all the data in the transform cache'
[rviz2-5] [INFO] [1706938113.624342207] [robot1.rviz]: Message Filter dropping message: frame 'camera_link' at time 0.953 for reason 'the timestamp on the message is earlier than all the data in the transform cache'
[rviz2-12] [INFO] [1706938113.694057580] [robot2.rviz]: Message Filter dropping message: frame 'base_scan' at time 1.002 for reason 'the timestamp on the message is earlier than all the data in the transform cache'
[rviz2-12] [INFO] [1706938113.694345628] [robot2.rviz]: Message Filter dropping message: frame 'base_scan' at time 1.002 for reason 'the timestamp on the message is earlier than all the data in the transform cache'
[rviz2-12] [INFO] [1706938113.694416213] [robot2.rviz]: Message Filter dropping message: frame 'base_scan' at time 1.002 for reason 'the timestamp on the message is earlier than all the data in the transform cache'
[rviz2-12] [INFO] [1706938113.694499816] [robot2.rviz]: Message Filter dropping message: frame 'camera_rgb_optical_frame' at time 0.993 for reason 'the timestamp on the message is earlier than all the data in the transform cache'
[rviz2-12] [INFO] [1706938113.694593623] [robot2.rviz]: Message Filter dropping message: frame 'camera_link' at time 0.983 for reason 'the timestamp on the message is earlier than all the data in the transform cache'
[rviz2-19] [INFO] [1706938113.737004031] [robot3.rviz]: Message Filter dropping message: frame 'base_scan' at time 1.003 for reason 'the timestamp on the message is earlier than all the data in the transform cache'
[rviz2-19] [INFO] [1706938113.737332012] [robot3.rviz]: Message Filter dropping message: frame 'base_scan' at time 1.003 for reason 'the timestamp on the message is earlier than all the data in the transform cache'
[rviz2-19] [INFO] [1706938113.737429651] [robot3.rviz]: Message Filter dropping message: frame 'base_scan' at time 1.003 for reason 'the timestamp on the message is earlier than all the data in the transform cache'
[autonomous_navigation-37] [INFO] [1706938113.756304902] [robot2.autonomous_navigation]: Deviation Angular Z Correction: 0.743
[autonomous_navigation-43] [INFO] [1706938113.757018034] [robot3.autonomous_navigation]: Deviation Angular Z Correction: -0.556
[rviz2-5] [INFO] [1706938113.769105127] [robot1.rviz]: Message Filter dropping message: frame 'base_scan' at time 1.001 for reason 'the timestamp on the message is earlier than all the data in the transform cache'
[rviz2-5] [INFO] [1706938113.769467365] [robot1.rviz]: Message Filter dropping message: frame 'base_scan' at time 1.001 for reason 'the timestamp on the message is earlier than all the data in the transform cache'
[rviz2-5] [INFO] [1706938113.769549359] [robot1.rviz]: Message Filter dropping message: frame 'base_scan' at time 1.001 for reason 'the timestamp on the message is earlier than all the data in the transform cache'
[rviz2-5] [INFO] [1706938113.769612723] [robot1.rviz]: Message Filter dropping message: frame 'camera_rgb_optical_frame' at time 1.004 for reason 'the timestamp on the message is earlier than all the data in the transform cache'
[rviz2-5] [INFO] [1706938113.909436421] [robot1.rviz]: Message Filter dropping message: frame 'camera_link' at time 1.019 for reason 'the timestamp on the message is earlier than all the data in the transform cache'
[rviz2-5] [INFO] [1706938113.909738671] [robot1.rviz]: Message Filter dropping message: frame 'camera_rgb_optical_frame' at time 1.040 for reason 'the timestamp on the message is earlier than all the data in the transform cache'
[rviz2-12] [INFO] [1706938113.984708081] [robot2.rviz]: Message Filter dropping message: frame 'camera_link' at time 1.051 for reason 'the timestamp on the message is earlier than all the data in the transform cache'
[rviz2-12] [INFO] [1706938113.985193804] [robot2.rviz]: Message Filter dropping message: frame 'camera_rgb_optical_frame' at time 1.040 for reason 'the timestamp on the message is earlier than all the data in the transform cache'
[rviz2-5] [INFO] [1706938114.047722123] [robot1.rviz]: Message Filter dropping message: frame 'camera_rgb_optical_frame' at time 1.080 for reason 'the timestamp on the message is earlier than all the data in the transform cache'
[rviz2-5] [INFO] [1706938114.048793813] [robot1.rviz]: Message Filter dropping message: frame 'camera_link' at time 1.051 for reason 'the timestamp on the message is earlier than all the data in the transform cache'
[rviz2-12] [INFO] [1706938114.132973091] [robot2.rviz]: Message Filter dropping message: frame 'camera_link' at time 1.087 for reason 'the timestamp on the message is earlier than all the data in the transform cache'
[rviz2-12] [INFO] [1706938114.133111819] [robot2.rviz]: Message Filter dropping message: frame 'camera_rgb_optical_frame' at time 1.080 for reason 'the timestamp on the message is earlier than all the data in the transform cache'
[autonomous_navigation-37] [INFO] [1706938114.165133185] [robot2.autonomous_navigation]: Deviation Angular Z Correction: 0.743
[autonomous_navigation-43] [INFO] [1706938114.165546484] [robot3.autonomous_navigation]: Deviation Angular Z Correction: -0.556
[rviz2-5] [INFO] [1706938114.191046813] [robot1.rviz]: Message Filter dropping message: frame 'camera_link' at time 1.087 for reason 'the timestamp on the message is earlier than all the data in the transform cache'
[rviz2-5] [INFO] [1706938114.191274963] [robot1.rviz]: Message Filter dropping message: frame 'camera_link' at time 1.117 for reason 'the timestamp on the message is earlier than all the data in the transform cache'
[rviz2-12] [INFO] [1706938114.280078347] [robot2.rviz]: Message Filter dropping message: frame 'camera_rgb_optical_frame' at time 1.120 for reason 'the timestamp on the message is earlier than all the data in the transform cache'
[rviz2-19] [INFO] [1706938114.323839572] [robot3.rviz]: Message Filter dropping message: frame 'camera_rgb_optical_frame' at time 1.120 for reason 'the timestamp on the message is earlier than all the data in the transform cache'
[rviz2-19] [INFO] [1706938114.324364130] [robot3.rviz]: Message Filter dropping message: frame 'camera_rgb_optical_frame' at time 1.149 for reason 'the timestamp on the message is earlier than all the data in the transform cache'
[rviz2-5] [INFO] [1706938114.332995868] [robot1.rviz]: Message Filter dropping message: frame 'camera_rgb_optical_frame' at time 1.149 for reason 'the timestamp on the message is earlier than all the data in the transform cache'
[rviz2-5] [INFO] [1706938114.333133931] [robot1.rviz]: Message Filter dropping message: frame 'camera_rgb_optical_frame' at time 1.120 for reason 'the timestamp on the message is earlier than all the data in the transform cache'
[rviz2-12] [INFO] [1706938114.412235261] [robot2.rviz]: Message Filter dropping message: frame 'camera_link' at time 1.154 for reason 'the timestamp on the message is earlier than all the data in the transform cache'
[rviz2-12] [INFO] [1706938114.412391349] [robot2.rviz]: Message Filter dropping message: frame 'camera_link' at time 1.154 for reason 'the timestamp on the message is earlier than all the data in the transform cache'
[rviz2-12] [INFO] [1706938114.412466720] [robot2.rviz]: Message Filter dropping message: frame 'camera_rgb_optical_frame' at time 1.159 for reason 'the timestamp on the message is earlier than all the data in the transform cache'
[rviz2-12] [INFO] [1706938114.412542316] [robot2.rviz]: Message Filter dropping message: frame 'camera_rgb_optical_frame' at time 1.149 for reason 'the timestamp on the message is earlier than all the data in the transform cache'
[rviz2-12] [INFO] [1706938114.412636975] [robot2.rviz]: Message Filter dropping message: frame 'camera_link' at time 1.154 for reason 'the timestamp on the message is earlier than all the data in the transform cache'
[rviz2-19] [INFO] [1706938114.456790098] [robot3.rviz]: Message Filter dropping message: frame 'camera_link' at time 1.154 for reason 'the timestamp on the message is earlier than all the data in the transform cache'
[rviz2-19] [INFO] [1706938114.457043836] [robot3.rviz]: Message Filter dropping message: frame 'camera_rgb_optical_frame' at time 1.170 for reason 'the timestamp on the message is earlier than all the data in the transform cache'
[rviz2-19] [INFO] [1706938114.457212626] [robot3.rviz]: Message Filter dropping message: frame 'camera_link' at time 1.182 for reason 'the timestamp on the message is earlier than all the data in the transform cache'
[rviz2-5] [INFO] [1706938114.474443638] [robot1.rviz]: Message Filter dropping message: frame 'camera_link' at time 1.154 for reason 'the timestamp on the message is earlier than all the data in the transform cache'
[rviz2-5] [INFO] [1706938114.474598720] [robot1.rviz]: Message Filter dropping message: frame 'camera_rgb_optical_frame' at time 1.170 for reason 'the timestamp on the message is earlier than all the data in the transform cache'
[rviz2-5] [INFO] [1706938114.474665001] [robot1.rviz]: Message Filter dropping message: frame 'camera_link' at time 1.182 for reason 'the timestamp on the message is earlier than all the data in the transform cache'
[rviz2-12] [INFO] [1706938114.552877970] [robot2.rviz]: Message Filter dropping message: frame 'base_scan' at time 1.201 for reason 'the timestamp on the message is earlier than all the data in the transform cache'
[rviz2-12] [INFO] [1706938114.553068615] [robot2.rviz]: Message Filter dropping message: frame 'base_scan' at time 1.201 for reason 'the timestamp on the message is earlier than all the data in the transform cache'
[rviz2-12] [INFO] [1706938114.553114702] [robot2.rviz]: Message Filter dropping message: frame 'camera_rgb_optical_frame' at time 1.192 for reason 'the timestamp on the message is earlier than all the data in the transform cache'
[rviz2-12] [INFO] [1706938114.553165445] [robot2.rviz]: Message Filter dropping message: frame 'camera_link' at time 1.182 for reason 'the timestamp on the message is earlier than all the data in the transform cache'
[rviz2-12] [INFO] [1706938114.553205302] [robot2.rviz]: Message Filter dropping message: frame 'base_scan' at time 1.201 for reason 'the timestamp on the message is earlier than all the data in the transform cache'
[autonomous_navigation-37] [INFO] [1706938114.571154560] [robot2.autonomous_navigation]: Deviation Angular Z Correction: 0.763
[autonomous_navigation-43] [INFO] [1706938114.578272423] [robot3.autonomous_navigation]: Deviation Angular Z Correction: -0.543
[rviz2-19] [INFO] [1706938114.607015912] [robot3.rviz]: Message Filter dropping message: frame 'camera_rgb_optical_frame' at time 1.203 for reason 'the timestamp on the message is earlier than all the data in the transform cache'
[rviz2-19] [INFO] [1706938114.607456601] [robot3.rviz]: Message Filter dropping message: frame 'camera_link' at time 1.212 for reason 'the timestamp on the message is earlier than all the data in the transform cache'
[rviz2-19] [INFO] [1706938114.607621440] [robot3.rviz]: Message Filter dropping message: frame 'base_scan' at time 1.202 for reason 'the timestamp on the message is earlier than all the data in the transform cache'
[rviz2-19] [INFO] [1706938114.607776748] [robot3.rviz]: Message Filter dropping message: frame 'base_scan' at time 1.202 for reason 'the timestamp on the message is earlier than all the data in the transform cache'
[rviz2-19] [INFO] [1706938114.607854568] [robot3.rviz]: Message Filter dropping message: frame 'base_scan' at time 1.202 for reason 'the timestamp on the message is earlier than all the data in the transform cache'
[rviz2-19] [INFO] [1706938114.744045163] [robot3.rviz]: Message Filter dropping message: frame 'camera_rgb_optical_frame' at time 1.240 for reason 'the timestamp on the message is earlier than all the data in the transform cache'
[rviz2-19] [INFO] [1706938114.744463122] [robot3.rviz]: Message Filter dropping message: frame 'camera_link' at time 1.242 for reason 'the timestamp on the message is earlier than all the data in the transform cache'
[rviz2-19] [INFO] [1706938114.893583272] [robot3.rviz]: Message Filter dropping message: frame 'camera_rgb_optical_frame' at time 1.270 for reason 'the timestamp on the message is earlier than all the data in the transform cache'
[rviz2-19] [INFO] [1706938114.894007183] [robot3.rviz]: Message Filter dropping message: frame 'camera_link' at time 1.277 for reason 'the timestamp on the message is earlier than all the data in the transform cache'
[autonomous_navigation-43] [INFO] [1706938114.975147715] [robot3.autonomous_navigation]: Deviation Angular Z Correction: -0.543
[autonomous_navigation-37] [INFO] [1706938114.979812087] [robot2.autonomous_navigation]: Deviation Angular Z Correction: 0.763
[rviz2-19] [INFO] [1706938115.039242587] [robot3.rviz]: Message Filter dropping message: frame 'camera_rgb_optical_frame' at time 1.303 for reason 'the timestamp on the message is earlier than all the data in the transform cache'
[rviz2-19] [INFO] [1706938115.039514044] [robot3.rviz]: Message Filter dropping message: frame 'camera_link' at time 1.302 for reason 'the timestamp on the message is earlier than all the data in the transform cache'
[rviz2-19] [INFO] [1706938115.209170326] [robot3.rviz]: Message Filter dropping message: frame 'camera_link' at time 1.325 for reason 'the timestamp on the message is earlier than all the data in the transform cache'
[rviz2-19] [INFO] [1706938115.209313147] [robot3.rviz]: Message Filter dropping message: frame 'camera_rgb_optical_frame' at time 1.336 for reason 'the timestamp on the message is earlier than all the data in the transform cache'
[rviz2-19] [INFO] [1706938115.347271037] [robot3.rviz]: Message Filter dropping message: frame 'camera_rgb_optical_frame' at time 1.370 for reason 'the timestamp on the message is earlier than all the data in the transform cache'
[rviz2-19] [INFO] [1706938115.347498741] [robot3.rviz]: Message Filter dropping message: frame 'camera_link' at time 1.387 for reason 'the timestamp on the message is earlier than all the data in the transform cache'
[autonomous_navigation-37] [INFO] [1706938115.493731310] [robot2.autonomous_navigation]: Deviation Angular Z Correction: 0.741
[rviz2-19] [INFO] [1706938115.502342723] [robot3.rviz]: Message Filter dropping message: frame 'base_scan' at time 1.401 for reason 'the timestamp on the message is earlier than all the data in the transform cache'
[rviz2-19] [INFO] [1706938115.502609855] [robot3.rviz]: Message Filter dropping message: frame 'base_scan' at time 1.401 for reason 'the timestamp on the message is earlier than all the data in the transform cache'
[rviz2-19] [INFO] [1706938115.502663376] [robot3.rviz]: Message Filter dropping message: frame 'base_scan' at time 1.401 for reason 'the timestamp on the message is earlier than all the data in the transform cache'
[autonomous_navigation-37] [INFO] [1706938115.895456599] [robot2.autonomous_navigation]: Deviation Angular Z Correction: 0.741
[autonomous_navigation-37] [INFO] [1706938117.239215304] [robot2.autonomous_navigation]: Deviation Angular Z Correction: 0.727
[autonomous_navigation-37] [INFO] [1706938117.742375759] [robot2.autonomous_navigation]: Deviation Angular Z Correction: 0.727
[gzserver-2] [INFO] [1706938137.839065038] [gazebo_ros_item_manager]: robot1 collected item14
[autonomous_navigation-43] [INFO] [1706938149.266030849] [robot3.autonomous_navigation]: Deviation Angular Z Correction: -0.553
[autonomous_navigation-43] [INFO] [1706938149.661783640] [robot3.autonomous_navigation]: Deviation Angular Z Correction: -0.580
[autonomous_navigation-43] [INFO] [1706938150.066557937] [robot3.autonomous_navigation]: Deviation Angular Z Correction: -0.580
[autonomous_navigation-43] [INFO] [1706938150.475102211] [robot3.autonomous_navigation]: Deviation Angular Z Correction: -0.612
[autonomous_navigation-43] [INFO] [1706938150.788773355] [robot3.autonomous_navigation]: Deviation Angular Z Correction: -0.612
[autonomous_navigation-43] [INFO] [1706938151.295771773] [robot3.autonomous_navigation]: Deviation Angular Z Correction: -0.643
[autonomous_navigation-43] [INFO] [1706938151.701860010] [robot3.autonomous_navigation]: Deviation Angular Z Correction: -0.643
[autonomous_navigation-37] [INFO] [1706938152.006535396] [robot2.autonomous_navigation]: Deviation Angular Z Correction: 0.558
[autonomous_navigation-43] [INFO] [1706938152.007270712] [robot3.autonomous_navigation]: Deviation Angular Z Correction: -0.673
[autonomous_navigation-37] [INFO] [1706938152.421658495] [robot2.autonomous_navigation]: Deviation Angular Z Correction: 0.558
[autonomous_navigation-43] [INFO] [1706938152.422811712] [robot3.autonomous_navigation]: Deviation Angular Z Correction: -0.673
[autonomous_navigation-37] [INFO] [1706938152.825631793] [robot2.autonomous_navigation]: Deviation Angular Z Correction: 0.585
[autonomous_navigation-43] [INFO] [1706938152.827453461] [robot3.autonomous_navigation]: Deviation Angular Z Correction: -0.651
[autonomous_navigation-43] [INFO] [1706938153.231727842] [robot3.autonomous_navigation]: Deviation Angular Z Correction: -0.651
[autonomous_navigation-37] [INFO] [1706938153.237269528] [robot2.autonomous_navigation]: Deviation Angular Z Correction: 0.585
[autonomous_navigation-37] [INFO] [1706938153.653938369] [robot2.autonomous_navigation]: Deviation Angular Z Correction: 0.614
[autonomous_navigation-43] [INFO] [1706938153.656216138] [robot3.autonomous_navigation]: Deviation Angular Z Correction: -0.615
[autonomous_navigation-37] [INFO] [1706938154.060496616] [robot2.autonomous_navigation]: Deviation Angular Z Correction: 0.614
[autonomous_navigation-43] [INFO] [1706938154.066262418] [robot3.autonomous_navigation]: Deviation Angular Z Correction: -0.615
[autonomous_navigation-37] [INFO] [1706938154.463251907] [robot2.autonomous_navigation]: Deviation Angular Z Correction: 0.640
[autonomous_navigation-43] [INFO] [1706938154.469404889] [robot3.autonomous_navigation]: Deviation Angular Z Correction: -0.601
[autonomous_navigation-43] [INFO] [1706938154.872383302] [robot3.autonomous_navigation]: Deviation Angular Z Correction: -0.601
[autonomous_navigation-37] [INFO] [1706938154.874735495] [robot2.autonomous_navigation]: Deviation Angular Z Correction: 0.640
[autonomous_navigation-37] [INFO] [1706938155.284476904] [robot2.autonomous_navigation]: Deviation Angular Z Correction: 0.670
[autonomous_navigation-43] [INFO] [1706938155.289321425] [robot3.autonomous_navigation]: Deviation Angular Z Correction: -0.595
[autonomous_navigation-37] [INFO] [1706938155.703875147] [robot2.autonomous_navigation]: Deviation Angular Z Correction: 0.670
[autonomous_navigation-43] [INFO] [1706938155.707859851] [robot3.autonomous_navigation]: Deviation Angular Z Correction: -0.595
[autonomous_navigation-43] [INFO] [1706938156.113878769] [robot3.autonomous_navigation]: Deviation Angular Z Correction: -0.591
[autonomous_navigation-37] [INFO] [1706938156.114506983] [robot2.autonomous_navigation]: Deviation Angular Z Correction: 0.700
[autonomous_navigation-37] [INFO] [1706938156.520152703] [robot2.autonomous_navigation]: Deviation Angular Z Correction: 0.700
[autonomous_navigation-43] [INFO] [1706938156.526891169] [robot3.autonomous_navigation]: Deviation Angular Z Correction: -0.591
[autonomous_navigation-43] [INFO] [1706938156.828681334] [robot3.autonomous_navigation]: Deviation Angular Z Correction: -0.587
[autonomous_navigation-37] [INFO] [1706938156.832418574] [robot2.autonomous_navigation]: Deviation Angular Z Correction: 0.727
[autonomous_navigation-43] [INFO] [1706938157.234051953] [robot3.autonomous_navigation]: Deviation Angular Z Correction: -0.587
[autonomous_navigation-37] [INFO] [1706938157.236790831] [robot2.autonomous_navigation]: Deviation Angular Z Correction: 0.727
[autonomous_navigation-43] [INFO] [1706938157.543241555] [robot3.autonomous_navigation]: Deviation Angular Z Correction: -0.587
[autonomous_navigation-37] [INFO] [1706938157.545091845] [robot2.autonomous_navigation]: Deviation Angular Z Correction: 0.727
[autonomous_navigation-43] [INFO] [1706938157.953848976] [robot3.autonomous_navigation]: Deviation Angular Z Correction: -0.584
[autonomous_navigation-37] [INFO] [1706938157.962352193] [robot2.autonomous_navigation]: Deviation Angular Z Correction: 0.758
[autonomous_navigation-37] [INFO] [1706938158.370177553] [robot2.autonomous_navigation]: Deviation Angular Z Correction: 0.784
[autonomous_navigation-43] [INFO] [1706938158.378408096] [robot3.autonomous_navigation]: Deviation Angular Z Correction: -0.581
[autonomous_navigation-37] [INFO] [1706938158.772541169] [robot2.autonomous_navigation]: Deviation Angular Z Correction: 0.784
[autonomous_navigation-43] [INFO] [1706938158.779275459] [robot3.autonomous_navigation]: Deviation Angular Z Correction: -0.581
[autonomous_navigation-43] [INFO] [1706938159.175983859] [robot3.autonomous_navigation]: Deviation Angular Z Correction: -0.579
[autonomous_navigation-37] [INFO] [1706938159.176162582] [robot2.autonomous_navigation]: Deviation Angular Z Correction: 0.816
[autonomous_navigation-37] [INFO] [1706938159.479371758] [robot2.autonomous_navigation]: Deviation Angular Z Correction: 0.816
[autonomous_navigation-43] [INFO] [1706938159.487932952] [robot3.autonomous_navigation]: Deviation Angular Z Correction: -0.579
[autonomous_navigation-37] [INFO] [1706938159.909305278] [robot2.autonomous_navigation]: Deviation Angular Z Correction: 0.846
[autonomous_navigation-43] [INFO] [1706938159.909463357] [robot3.autonomous_navigation]: Deviation Angular Z Correction: -0.577
[autonomous_navigation-43] [INFO] [1706938160.307700521] [robot3.autonomous_navigation]: Deviation Angular Z Correction: -0.577
[autonomous_navigation-37] [INFO] [1706938160.333137142] [robot2.autonomous_navigation]: Deviation Angular Z Correction: 0.846
[autonomous_navigation-43] [INFO] [1706938160.707171177] [robot3.autonomous_navigation]: Deviation Angular Z Correction: -0.575
[autonomous_navigation-37] [INFO] [1706938160.711984575] [robot2.autonomous_navigation]: Deviation Angular Z Correction: 0.811
[autonomous_navigation-37] [INFO] [1706938161.111293934] [robot2.autonomous_navigation]: Deviation Angular Z Correction: 0.811
[autonomous_navigation-43] [INFO] [1706938161.111629991] [robot3.autonomous_navigation]: Deviation Angular Z Correction: -0.575
[autonomous_navigation-43] [INFO] [1706938161.423711291] [robot3.autonomous_navigation]: Deviation Angular Z Correction: -0.573
[autonomous_navigation-37] [INFO] [1706938161.427974106] [robot2.autonomous_navigation]: Deviation Angular Z Correction: 0.792
[autonomous_navigation-37] [INFO] [1706938161.826526270] [robot2.autonomous_navigation]: Deviation Angular Z Correction: 0.792
[autonomous_navigation-43] [INFO] [1706938161.836972180] [robot3.autonomous_navigation]: Deviation Angular Z Correction: -0.573
[autonomous_navigation-37] [INFO] [1706938162.236228282] [robot2.autonomous_navigation]: Deviation Angular Z Correction: 0.782
[autonomous_navigation-43] [INFO] [1706938162.237443224] [robot3.autonomous_navigation]: Deviation Angular Z Correction: -0.572
[autonomous_navigation-43] [INFO] [1706938162.646177638] [robot3.autonomous_navigation]: Deviation Angular Z Correction: -0.572
[autonomous_navigation-37] [INFO] [1706938162.647681734] [robot2.autonomous_navigation]: Deviation Angular Z Correction: 0.782
[autonomous_navigation-43] [INFO] [1706938163.046800030] [robot3.autonomous_navigation]: Deviation Angular Z Correction: -0.570
[autonomous_navigation-37] [INFO] [1706938163.051251762] [robot2.autonomous_navigation]: Deviation Angular Z Correction: 0.776
[autonomous_navigation-43] [INFO] [1706938163.461309696] [robot3.autonomous_navigation]: Deviation Angular Z Correction: -0.570
[autonomous_navigation-37] [INFO] [1706938163.464515950] [robot2.autonomous_navigation]: Deviation Angular Z Correction: 0.776
[autonomous_navigation-43] [INFO] [1706938163.876176810] [robot3.autonomous_navigation]: Deviation Angular Z Correction: -0.569
[autonomous_navigation-37] [INFO] [1706938163.876297870] [robot2.autonomous_navigation]: Deviation Angular Z Correction: 0.770
[autonomous_navigation-43] [INFO] [1706938164.278260308] [robot3.autonomous_navigation]: Deviation Angular Z Correction: -0.569
[autonomous_navigation-37] [INFO] [1706938164.289956082] [robot2.autonomous_navigation]: Deviation Angular Z Correction: 0.770
[autonomous_navigation-37] [INFO] [1706938164.685624612] [robot2.autonomous_navigation]: Deviation Angular Z Correction: 0.766
[autonomous_navigation-37] [INFO] [1706938164.994444149] [robot2.autonomous_navigation]: Deviation Angular Z Correction: 0.766
