[rviz2-12] [INFO] [1706938073.030364680] [robot2.rviz]: Message Filter dropping message: frame 'camera_rgb_optical_frame' at time 0.425 for reason 'discarding message because the queue is full'
[rviz2-12] [INFO] [1706938073.030625054] [robot2.rviz]: Message Filter dropping message: frame 'camera_link' at time 0.411 for reason 'discarding message because the queue is full'
[rviz2-12] [INFO] [1706938073.030762418] [robot2.rviz]: Message Filter dropping message: frame 'odom' at time 0.225 for reason 'discarding message because the queue is full'
[component_container_isolated-15] [INFO] [1706938073.050109062] [robot2.global_costmap.global_costmap]: Timed out waiting for transform from base_link to map to become available, tf error: Lookup would require extrapolation into the past.  Requested time 0.769000 but the earliest data is at time 1.202000, when looking up transform from frame [base_link] to frame [map]
[rviz2-19] [INFO] [1706938073.051459456] [robot3.rviz]: Message Filter dropping message: frame 'odom' at time 0.440 for reason 'discarding message because the queue is full'
[rviz2-12] [INFO] [1706938073.115505020] [robot2.rviz]: Message Filter dropping message: frame 'odom' at time 0.463 for reason 'discarding message because the queue is full'
[rviz2-19] [INFO] [1706938073.116534555] [robot3.rviz]: Message Filter dropping message: frame 'camera_link' at time 0.442 for reason 'discarding message because the queue is full'
[rviz2-19] [INFO] [1706938073.117002294] [robot3.rviz]: Message Filter dropping message: frame 'camera_rgb_optical_frame' at time 0.436 for reason 'discarding message because the queue is full'
[rviz2-12] [INFO] [1706938073.127928335] [robot2.rviz]: Message Filter dropping message: frame 'camera_rgb_optical_frame' at time 0.458 for reason 'discarding message because the queue is full'
[rviz2-5] [INFO] [1706938073.149300454] [robot1.rviz]: Message Filter dropping message: frame 'odom' at time 0.443 for reason 'discarding message because the queue is full'
[rviz2-5] [INFO] [1706938073.149798635] [robot1.rviz]: Message Filter dropping message: frame 'camera_link' at time 0.442 for reason 'discarding message because the queue is full'
[rviz2-5] [INFO] [1706938073.150263747] [robot1.rviz]: Message Filter dropping message: frame 'camera_rgb_optical_frame' at time 0.440 for reason 'discarding message because the queue is full'
[rviz2-5] [INFO] [1706938073.150568315] [robot1.rviz]: Message Filter dropping message: frame 'odom' at time 0.205 for reason 'discarding message because the queue is full'
[rviz2-19] [INFO] [1706938073.166723870] [robot3.rviz]: Message Filter dropping message: frame 'odom' at time 0.474 for reason 'discarding message because the queue is full'
[rviz2-12] [INFO] [1706938073.183189015] [robot2.rviz]: Message Filter dropping message: frame 'camera_link' at time 0.471 for reason 'discarding message because the queue is full'
[rviz2-19] [INFO] [1706938073.247806195] [robot3.rviz]: Message Filter dropping message: frame 'odom' at time 0.508 for reason 'discarding message because the queue is full'
[rviz2-12] [INFO] [1706938073.247954772] [robot2.rviz]: Message Filter dropping message: frame 'odom' at time 0.497 for reason 'discarding message because the queue is full'
[rviz2-12] [INFO] [1706938073.248301011] [robot2.rviz]: Message Filter dropping message: frame 'odom' at time 0.259 for reason 'discarding message because the queue is full'
[component_container_isolated-8] [INFO] [1706938073.256417974] [robot1.global_costmap.global_costmap]: Timed out waiting for transform from base_link to map to become available, tf error: Lookup would require extrapolation into the past.  Requested time 0.817000 but the earliest data is at time 1.201000, when looking up transform from frame [base_link] to frame [map]
[rviz2-12] [INFO] [1706938073.279257012] [robot2.rviz]: Message Filter dropping message: frame 'camera_link' at time 0.503 for reason 'discarding message because the queue is full'
[rviz2-19] [INFO] [1706938073.310189588] [robot3.rviz]: Message Filter dropping message: frame 'camera_link' at time 0.471 for reason 'discarding message because the queue is full'
[rviz2-12] [INFO] [1706938073.310855490] [robot2.rviz]: Message Filter dropping message: frame 'camera_rgb_optical_frame' at time 0.492 for reason 'discarding message because the queue is full'
[rviz2-19] [INFO] [1706938073.311175551] [robot3.rviz]: Message Filter dropping message: frame 'camera_rgb_optical_frame' at time 0.470 for reason 'discarding message because the queue is full'
[rviz2-19] [INFO] [1706938073.344311565] [robot3.rviz]: Message Filter dropping message: frame 'camera_link' at time 0.503 for reason 'discarding message because the queue is full'
[component_container_isolated-22] [INFO] [1706938073.351023610] [robot3.global_costmap.global_costmap]: Timed out waiting for transform from base_link to map to become available, tf error: Lookup would require extrapolation into the past.  Requested time 0.848000 but the earliest data is at time 1.402000, when looking up transform from frame [base_link] to frame [map]
[rviz2-5] [INFO] [1706938073.379681199] [robot1.rviz]: Message Filter dropping message: frame 'odom' at time 0.477 for reason 'discarding message because the queue is full'
[rviz2-5] [INFO] [1706938073.379827105] [robot1.rviz]: Message Filter dropping message: frame 'camera_link' at time 0.471 for reason 'discarding message because the queue is full'
[rviz2-12] [INFO] [1706938073.379787775] [robot2.rviz]: Message Filter dropping message: frame 'odom' at time 0.531 for reason 'discarding message because the queue is full'
[rviz2-5] [INFO] [1706938073.380233870] [robot1.rviz]: Message Filter dropping message: frame 'camera_rgb_optical_frame' at time 0.470 for reason 'discarding message because the queue is full'
[rviz2-5] [INFO] [1706938073.380306056] [robot1.rviz]: Message Filter dropping message: frame 'odom' at time 0.239 for reason 'discarding message because the queue is full'
[rviz2-12] [INFO] [1706938073.380279999] [robot2.rviz]: Message Filter dropping message: frame 'camera_rgb_optical_frame' at time 0.525 for reason 'discarding message because the queue is full'
[rviz2-12] [INFO] [1706938073.380402115] [robot2.rviz]: Message Filter dropping message: frame 'camera_link' at time 0.541 for reason 'discarding message because the queue is full'
[rviz2-19] [INFO] [1706938073.410161161] [robot3.rviz]: Message Filter dropping message: frame 'odom' at time 0.542 for reason 'discarding message because the queue is full'
[rviz2-12] [INFO] [1706938073.464804890] [robot2.rviz]: Message Filter dropping message: frame 'odom' at time 0.293 for reason 'discarding message because the queue is full'
[rviz2-19] [INFO] [1706938073.470353848] [robot3.rviz]: Message Filter dropping message: frame 'camera_link' at time 0.541 for reason 'discarding message because the queue is full'
[rviz2-19] [INFO] [1706938073.470719851] [robot3.rviz]: Message Filter dropping message: frame 'camera_rgb_optical_frame' at time 0.503 for reason 'discarding message because the queue is full'
[rviz2-12] [INFO] [1706938073.498368446] [robot2.rviz]: Message Filter dropping message: frame 'odom' at time 0.565 for reason 'discarding message because the queue is full'
[rviz2-19] [INFO] [1706938073.504031648] [robot3.rviz]: Message Filter dropping message: frame 'camera_rgb_optical_frame' at time 0.538 for reason 'discarding message because the queue is full'
[rviz2-12] [INFO] [1706938073.531688528] [robot2.rviz]: Message Filter dropping message: frame 'camera_rgb_optical_frame' at time 0.559 for reason 'discarding message because the queue is full'
[rviz2-12] [INFO] [1706938073.534176150] [robot2.rviz]: Message Filter dropping message: frame 'camera_link' at time 0.573 for reason 'discarding message because the queue is full'
[component_container_isolated-15] [INFO] [1706938073.549029937] [robot2.global_costmap.global_costmap]: Timed out waiting for transform from base_link to map to become available, tf error: Lookup would require extrapolation into the past.  Requested time 0.905000 but the earliest data is at time 1.202000, when looking up transform from frame [base_link] to frame [map]
[rviz2-19] [INFO] [1706938073.565919706] [robot3.rviz]: Message Filter dropping message: frame 'odom' at time 0.576 for reason 'discarding message because the queue is full'
[rviz2-19] [INFO] [1706938073.566078861] [robot3.rviz]: Message Filter dropping message: frame 'camera_link' at time 0.605 for reason 'discarding message because the queue is full'
[rviz2-19] [INFO] [1706938073.566428259] [robot3.rviz]: Message Filter dropping message: frame 'camera_rgb_optical_frame' at time 0.582 for reason 'discarding message because the queue is full'
[rviz2-5] [INFO] [1706938073.583475779] [robot1.rviz]: Message Filter dropping message: frame 'odom' at time 0.511 for reason 'discarding message because the queue is full'
[rviz2-5] [INFO] [1706938073.583661804] [robot1.rviz]: Message Filter dropping message: frame 'camera_link' at time 0.503 for reason 'discarding message because the queue is full'
[rviz2-5] [INFO] [1706938073.584077825] [robot1.rviz]: Message Filter dropping message: frame 'camera_rgb_optical_frame' at time 0.507 for reason 'discarding message because the queue is full'
[rviz2-5] [INFO] [1706938073.584242258] [robot1.rviz]: Message Filter dropping message: frame 'odom' at time 0.307 for reason 'discarding message because the queue is full'
[transformer-36] [INFO] [1706938073.620719847] [robot2.transformer]: Could not transform robot2/map to robot2/base_link: Lookup would require extrapolation into the past.  Requested time 0.411000 but the earliest data is at time 1.202000, when looking up transform from frame [robot2/map] to frame [robot2/base_link]
[transformer-30] [INFO] [1706938073.621124769] [robot1.transformer]: Could not transform robot1/map to robot1/base_link: Lookup would require extrapolation into the past.  Requested time 0.411000 but the earliest data is at time 1.201000, when looking up transform from frame [robot1/map] to frame [robot1/base_link]
[transformer-42] [INFO] [1706938073.622044556] [robot3.transformer]: Could not transform robot3/map to robot3/base_link: Lookup would require extrapolation into the past.  Requested time 0.411000 but the earliest data is at time 1.402000, when looking up transform from frame [robot3/map] to frame [robot3/base_link]
[rviz2-12] [INFO] [1706938073.625547369] [robot2.rviz]: Message Filter dropping message: frame 'odom' at time 0.599 for reason 'discarding message because the queue is full'
[rviz2-12] [INFO] [1706938073.625999222] [robot2.rviz]: Message Filter dropping message: frame 'camera_rgb_optical_frame' at time 0.617 for reason 'discarding message because the queue is full'
[rviz2-12] [INFO] [1706938073.626121256] [robot2.rviz]: Message Filter dropping message: frame 'camera_link' at time 0.642 for reason 'discarding message because the queue is full'
[rviz2-12] [INFO] [1706938073.626219538] [robot2.rviz]: Message Filter dropping message: frame 'odom' at time 0.361 for reason 'discarding message because the queue is full'
[rviz2-19] [INFO] [1706938073.633019011] [robot3.rviz]: Message Filter dropping message: frame 'odom' at time 0.338 for reason 'discarding message because the queue is full'
[rviz2-19] [INFO] [1706938073.693433774] [robot3.rviz]: Message Filter dropping message: frame 'odom' at time 0.610 for reason 'discarding message because the queue is full'
[rviz2-19] [INFO] [1706938073.694424231] [robot3.rviz]: Message Filter dropping message: frame 'camera_link' at time 0.642 for reason 'discarding message because the queue is full'
[rviz2-19] [INFO] [1706938073.696521987] [robot3.rviz]: Message Filter dropping message: frame 'camera_rgb_optical_frame' at time 0.617 for reason 'discarding message because the queue is full'
[component_container_isolated-8] [INFO] [1706938073.756408101] [robot1.global_costmap.global_costmap]: Timed out waiting for transform from base_link to map to become available, tf error: Lookup would require extrapolation into the past.  Requested time 0.953000 but the earliest data is at time 1.201000, when looking up transform from frame [base_link] to frame [map]
[rviz2-12] [INFO] [1706938073.761273779] [robot2.rviz]: Message Filter dropping message: frame 'odom' at time 0.633 for reason 'discarding message because the queue is full'
[rviz2-12] [INFO] [1706938073.761743025] [robot2.rviz]: Message Filter dropping message: frame 'camera_rgb_optical_frame' at time 0.644 for reason 'discarding message because the queue is full'
[rviz2-12] [INFO] [1706938073.761862478] [robot2.rviz]: Message Filter dropping message: frame 'camera_link' at time 0.666 for reason 'discarding message because the queue is full'
[rviz2-5] [INFO] [1706938073.794229421] [robot1.rviz]: Message Filter dropping message: frame 'odom' at time 0.545 for reason 'discarding message because the queue is full'
[rviz2-5] [INFO] [1706938073.794407423] [robot1.rviz]: Message Filter dropping message: frame 'camera_link' at time 0.541 for reason 'discarding message because the queue is full'
[rviz2-19] [INFO] [1706938073.794252666] [robot3.rviz]: Message Filter dropping message: frame 'odom' at time 0.644 for reason 'discarding message because the queue is full'
[rviz2-19] [INFO] [1706938073.794407526] [robot3.rviz]: Message Filter dropping message: frame 'camera_link' at time 0.666 for reason 'discarding message because the queue is full'
[rviz2-19] [INFO] [1706938073.795057359] [robot3.rviz]: Message Filter dropping message: frame 'camera_rgb_optical_frame' at time 0.644 for reason 'discarding message because the queue is full'
[rviz2-5] [INFO] [1706938073.795075744] [robot1.rviz]: Message Filter dropping message: frame 'camera_rgb_optical_frame' at time 0.538 for reason 'discarding message because the queue is full'
[rviz2-5] [INFO] [1706938073.795442806] [robot1.rviz]: Message Filter dropping message: frame 'odom' at time 0.341 for reason 'discarding message because the queue is full'
[rviz2-12] [INFO] [1706938073.822797865] [robot2.rviz]: Message Filter dropping message: frame 'odom' at time 0.395 for reason 'discarding message because the queue is full'
[rviz2-19] [INFO] [1706938073.826689241] [robot3.rviz]: Message Filter dropping message: frame 'odom' at time 0.406 for reason 'discarding message because the queue is full'
[component_container_isolated-22] [INFO] [1706938073.851082366] [robot3.global_costmap.global_costmap]: Timed out waiting for transform from base_link to map to become available, tf error: Lookup would require extrapolation into the past.  Requested time 0.984000 but the earliest data is at time 1.402000, when looking up transform from frame [base_link] to frame [map]
[rviz2-12] [INFO] [1706938073.855203215] [robot2.rviz]: Message Filter dropping message: frame 'odom' at time 0.667 for reason 'discarding message because the queue is full'
[rviz2-12] [INFO] [1706938073.855890329] [robot2.rviz]: Message Filter dropping message: frame 'camera_rgb_optical_frame' at time 0.669 for reason 'discarding message because the queue is full'
[rviz2-12] [INFO] [1706938073.855957109] [robot2.rviz]: Message Filter dropping message: frame 'camera_link' at time 0.666 for reason 'discarding message because the queue is full'
[rviz2-19] [INFO] [1706938073.889866675] [robot3.rviz]: Message Filter dropping message: frame 'odom' at time 0.678 for reason 'discarding message because the queue is full'
[rviz2-19] [INFO] [1706938073.953403946] [robot3.rviz]: Message Filter dropping message: frame 'camera_link' at time 0.692 for reason 'discarding message because the queue is full'
[rviz2-19] [INFO] [1706938073.954138029] [robot3.rviz]: Message Filter dropping message: frame 'camera_rgb_optical_frame' at time 0.676 for reason 'discarding message because the queue is full'
[rviz2-12] [INFO] [1706938073.954201180] [robot2.rviz]: Message Filter dropping message: frame 'odom' at time 0.701 for reason 'discarding message because the queue is full'
[rviz2-5] [INFO] [1706938073.980478005] [robot1.rviz]: Message Filter dropping message: frame 'odom' at time 0.579 for reason 'discarding message because the queue is full'
[rviz2-5] [INFO] [1706938073.980813784] [robot1.rviz]: Message Filter dropping message: frame 'camera_link' at time 0.605 for reason 'discarding message because the queue is full'
[rviz2-5] [INFO] [1706938073.981670278] [robot1.rviz]: Message Filter dropping message: frame 'camera_rgb_optical_frame' at time 0.582 for reason 'discarding message because the queue is full'
[rviz2-5] [INFO] [1706938073.982397677] [robot1.rviz]: Message Filter dropping message: frame 'odom' at time 0.409 for reason 'discarding message because the queue is full'
[rviz2-19] [INFO] [1706938073.987531812] [robot3.rviz]: Message Filter dropping message: frame 'odom' at time 0.712 for reason 'discarding message because the queue is full'
[rviz2-19] [INFO] [1706938074.024855191] [robot3.rviz]: Message Filter dropping message: frame 'odom' at time 0.440 for reason 'discarding message because the queue is full'
[rviz2-12] [INFO] [1706938074.045935358] [robot2.rviz]: Message Filter dropping message: frame 'odom' at time 0.735 for reason 'discarding message because the queue is full'
[rviz2-12] [INFO] [1706938074.046374896] [robot2.rviz]: Message Filter dropping message: frame 'camera_rgb_optical_frame' at time 0.692 for reason 'discarding message because the queue is full'
[rviz2-12] [INFO] [1706938074.046480013] [robot2.rviz]: Message Filter dropping message: frame 'camera_link' at time 0.692 for reason 'discarding message because the queue is full'
[rviz2-12] [INFO] [1706938074.046576513] [robot2.rviz]: Message Filter dropping message: frame 'odom' at time 0.463 for reason 'discarding message because the queue is full'
[component_container_isolated-15] [INFO] [1706938074.049069510] [robot2.global_costmap.global_costmap]: Timed out waiting for transform from base_link to map to become available, tf error: Lookup would require extrapolation into the past.  Requested time 1.075000 but the earliest data is at time 1.202000, when looking up transform from frame [base_link] to frame [map]
[rviz2-19] [INFO] [1706938074.094576256] [robot3.rviz]: Message Filter dropping message: frame 'odom' at time 0.746 for reason 'discarding message because the queue is full'
[rviz2-19] [INFO] [1706938074.094746265] [robot3.rviz]: Message Filter dropping message: frame 'camera_link' at time 0.692 for reason 'discarding message because the queue is full'
[rviz2-5] [INFO] [1706938074.121313853] [robot1.rviz]: Message Filter dropping message: frame 'odom' at time 0.613 for reason 'discarding message because the queue is full'
[rviz2-5] [INFO] [1706938074.121529306] [robot1.rviz]: Message Filter dropping message: frame 'camera_link' at time 0.642 for reason 'discarding message because the queue is full'
[rviz2-5] [INFO] [1706938074.121879838] [robot1.rviz]: Message Filter dropping message: frame 'camera_rgb_optical_frame' at time 0.617 for reason 'discarding message because the queue is full'
[rviz2-5] [INFO] [1706938074.121986156] [robot1.rviz]: Message Filter dropping message: frame 'odom' at time 0.443 for reason 'discarding message because the queue is full'
[rviz2-12] [INFO] [1706938074.173993305] [robot2.rviz]: Message Filter dropping message: frame 'odom' at time 0.769 for reason 'discarding message because the queue is full'
[rviz2-12] [INFO] [1706938074.175186073] [robot2.rviz]: Message Filter dropping message: frame 'camera_rgb_optical_frame' at time 0.725 for reason 'discarding message because the queue is full'
[rviz2-12] [INFO] [1706938074.175337568] [robot2.rviz]: Message Filter dropping message: frame 'camera_link' at time 0.726 for reason 'discarding message because the queue is full'
[rviz2-19] [INFO] [1706938074.183801068] [robot3.rviz]: Message Filter dropping message: frame 'camera_rgb_optical_frame' at time 0.704 for reason 'discarding message because the queue is full'
[rviz2-19] [INFO] [1706938074.210254811] [robot3.rviz]: Message Filter dropping message: frame 'odom' at time 0.780 for reason 'discarding message because the queue is full'
[rviz2-19] [INFO] [1706938074.210419627] [robot3.rviz]: Message Filter dropping message: frame 'camera_link' at time 0.726 for reason 'discarding message because the queue is full'
[rviz2-19] [INFO] [1706938074.210694202] [robot3.rviz]: Message Filter dropping message: frame 'camera_rgb_optical_frame' at time 0.736 for reason 'discarding message because the queue is full'
[rviz2-12] [INFO] [1706938074.254717821] [robot2.rviz]: Message Filter dropping message: frame 'odom' at time 0.803 for reason 'discarding message because the queue is full'
[rviz2-5] [INFO] [1706938074.255501808] [robot1.rviz]: Message Filter dropping message: frame 'odom' at time 0.647 for reason 'discarding message because the queue is full'
[rviz2-5] [INFO] [1706938074.255788707] [robot1.rviz]: Message Filter dropping message: frame 'camera_link' at time 0.642 for reason 'discarding message because the queue is full'
[rviz2-5] [INFO] [1706938074.256455334] [robot1.rviz]: Message Filter dropping message: frame 'camera_rgb_optical_frame' at time 0.644 for reason 'discarding message because the queue is full'
[rviz2-5] [INFO] [1706938074.256582560] [robot1.rviz]: Message Filter dropping message: frame 'odom' at time 0.511 for reason 'discarding message because the queue is full'
[component_container_isolated-8] [INFO] [1706938074.258589745] [robot1.global_costmap.global_costmap]: Timed out waiting for transform from base_link to map to become available, tf error: Lookup would require extrapolation into the past.  Requested time 1.123000 but the earliest data is at time 1.201000, when looking up transform from frame [base_link] to frame [map]
[rviz2-12] [INFO] [1706938074.260411942] [robot2.rviz]: Message Filter dropping message: frame 'odom' at time 0.531 for reason 'discarding message because the queue is full'
[rviz2-19] [INFO] [1706938074.268754710] [robot3.rviz]: Message Filter dropping message: frame 'odom' at time 0.508 for reason 'discarding message because the queue is full'
[rviz2-19] [INFO] [1706938074.278926352] [robot3.rviz]: Message Filter dropping message: frame 'odom' at time 0.814 for reason 'discarding message because the queue is full'
[rviz2-12] [INFO] [1706938074.318034340] [robot2.rviz]: Message Filter dropping message: frame 'camera_rgb_optical_frame' at time 0.758 for reason 'discarding message because the queue is full'
[rviz2-12] [INFO] [1706938074.321744455] [robot2.rviz]: Message Filter dropping message: frame 'camera_link' at time 0.755 for reason 'discarding message because the queue is full'
[rviz2-5] [INFO] [1706938074.322199696] [robot1.rviz]: Message Filter dropping message: frame 'odom' at time 0.681 for reason 'discarding message because the queue is full'
[rviz2-5] [INFO] [1706938074.322390628] [robot1.rviz]: Message Filter dropping message: frame 'camera_link' at time 0.666 for reason 'discarding message because the queue is full'
[rviz2-5] [INFO] [1706938074.322729848] [robot1.rviz]: Message Filter dropping message: frame 'camera_rgb_optical_frame' at time 0.676 for reason 'discarding message because the queue is full'
[rviz2-19] [INFO] [1706938074.338220993] [robot3.rviz]: Message Filter dropping message: frame 'camera_link' at time 0.755 for reason 'discarding message because the queue is full'
[rviz2-12] [INFO] [1706938074.350796230] [robot2.rviz]: Message Filter dropping message: frame 'camera_rgb_optical_frame' at time 0.792 for reason 'discarding message because the queue is full'
[rviz2-12] [INFO] [1706938074.350935186] [robot2.rviz]: Message Filter dropping message: frame 'camera_link' at time 0.784 for reason 'discarding message because the queue is full'
[component_container_isolated-22] [INFO] [1706938074.351029211] [robot3.global_costmap.global_costmap]: Timed out waiting for transform from base_link to map to become available, tf error: Lookup would require extrapolation into the past.  Requested time 1.154000 but the earliest data is at time 1.402000, when looking up transform from frame [base_link] to frame [map]
[rviz2-5] [INFO] [1706938074.372577474] [robot1.rviz]: Message Filter dropping message: frame 'odom' at time 0.715 for reason 'discarding message because the queue is full'
[rviz2-5] [INFO] [1706938074.374734807] [robot1.rviz]: Message Filter dropping message: frame 'camera_link' at time 0.692 for reason 'discarding message because the queue is full'
[rviz2-19] [INFO] [1706938074.375828726] [robot3.rviz]: Message Filter dropping message: frame 'camera_link' at time 0.851 for reason 'discarding message because the queue is full'
[rviz2-19] [INFO] [1706938074.377932763] [robot3.rviz]: Message Filter dropping message: frame 'camera_rgb_optical_frame' at time 0.771 for reason 'discarding message because the queue is full'
[rviz2-12] [INFO] [1706938074.382233699] [robot2.rviz]: Message Filter dropping message: frame 'odom' at time 0.837 for reason 'discarding message because the queue is full'
[rviz2-12] [INFO] [1706938074.383329220] [robot2.rviz]: Message Filter dropping message: frame 'camera_rgb_optical_frame' at time 0.825 for reason 'discarding message because the queue is full'
[rviz2-12] [INFO] [1706938074.383530487] [robot2.rviz]: Message Filter dropping message: frame 'camera_link' at time 0.851 for reason 'discarding message because the queue is full'
[rviz2-19] [INFO] [1706938074.401940794] [robot3.rviz]: Message Filter dropping message: frame 'odom' at time 0.848 for reason 'discarding message because the queue is full'
[rviz2-19] [INFO] [1706938074.403104351] [robot3.rviz]: Message Filter dropping message: frame 'camera_rgb_optical_frame' at time 0.804 for reason 'discarding message because the queue is full'
[rviz2-5] [INFO] [1706938074.409993900] [robot1.rviz]: Message Filter dropping message: frame 'odom' at time 0.749 for reason 'discarding message because the queue is full'
[rviz2-5] [INFO] [1706938074.410389687] [robot1.rviz]: Message Filter dropping message: frame 'camera_link' at time 0.726 for reason 'discarding message because the queue is full'
[rviz2-5] [INFO] [1706938074.411062824] [robot1.rviz]: Message Filter dropping message: frame 'camera_rgb_optical_frame' at time 0.704 for reason 'discarding message because the queue is full'
[rviz2-5] [INFO] [1706938074.429717122] [robot1.rviz]: Message Filter dropping message: frame 'odom' at time 0.783 for reason 'discarding message because the queue is full'
[rviz2-5] [INFO] [1706938074.429884321] [robot1.rviz]: Message Filter dropping message: frame 'camera_link' at time 0.784 for reason 'discarding message because the queue is full'
[rviz2-5] [INFO] [1706938074.430182960] [robot1.rviz]: Message Filter dropping message: frame 'camera_rgb_optical_frame' at time 0.743 for reason 'discarding message because the queue is full'
[rviz2-5] [INFO] [1706938074.430246655] [robot1.rviz]: Message Filter dropping message: frame 'odom' at time 0.579 for reason 'discarding message because the queue is full'
[rviz2-19] [INFO] [1706938074.434109732] [robot3.rviz]: Message Filter dropping message: frame 'odom' at time 0.576 for reason 'discarding message because the queue is full'
[rviz2-12] [INFO] [1706938074.446443147] [robot2.rviz]: Message Filter dropping message: frame 'odom' at time 0.565 for reason 'discarding message because the queue is full'
[rviz2-5] [INFO] [1706938074.458578392] [robot1.rviz]: Message Filter dropping message: frame 'odom' at time 0.817 for reason 'discarding message because the queue is full'
[rviz2-5] [INFO] [1706938074.459133832] [robot1.rviz]: Message Filter dropping message: frame 'camera_link' at time 0.815 for reason 'discarding message because the queue is full'
[rviz2-5] [INFO] [1706938074.460909725] [robot1.rviz]: Message Filter dropping message: frame 'camera_rgb_optical_frame' at time 0.771 for reason 'discarding message because the queue is full'
[rviz2-12] [INFO] [1706938074.478792680] [robot2.rviz]: Message Filter dropping message: frame 'odom' at time 0.871 for reason 'discarding message because the queue is full'
[rviz2-12] [INFO] [1706938074.480132197] [robot2.rviz]: Message Filter dropping message: frame 'camera_rgb_optical_frame' at time 0.858 for reason 'discarding message because the queue is full'
[rviz2-12] [INFO] [1706938074.480466336] [robot2.rviz]: Message Filter dropping message: frame 'camera_link' at time 0.851 for reason 'discarding message because the queue is full'
[component_container_isolated-22] [INFO] [1706938074.481055406] [robot3.amcl]: Message Filter dropping message: frame 'base_scan' at time 0.236 for reason 'the timestamp on the message is earlier than all the data in the transform cache'
[rviz2-5] [INFO] [1706938074.483996338] [robot1.rviz]: Message Filter dropping message: frame 'odom' at time 0.851 for reason 'discarding message because the queue is full'
[rviz2-5] [INFO] [1706938074.484542580] [robot1.rviz]: Message Filter dropping message: frame 'camera_link' at time 0.851 for reason 'discarding message because the queue is full'
[rviz2-5] [INFO] [1706938074.487217217] [robot1.rviz]: Message Filter dropping message: frame 'camera_rgb_optical_frame' at time 0.804 for reason 'discarding message because the queue is full'
[rviz2-19] [INFO] [1706938074.498158467] [robot3.rviz]: Message Filter dropping message: frame 'camera_link' at time 0.851 for reason 'discarding message because the queue is full'
[rviz2-5] [INFO] [1706938074.521881486] [robot1.rviz]: Message Filter dropping message: frame 'camera_link' at time 0.872 for reason 'discarding message because the queue is full'
[rviz2-5] [INFO] [1706938074.522492639] [robot1.rviz]: Message Filter dropping message: frame 'camera_rgb_optical_frame' at time 0.845 for reason 'discarding message because the queue is full'
[rviz2-19] [INFO] [1706938074.531844282] [robot3.rviz]: Message Filter dropping message: frame 'odom' at time 0.882 for reason 'discarding message because the queue is full'
[rviz2-19] [INFO] [1706938074.532243159] [robot3.rviz]: Message Filter dropping message: frame 'camera_link' at time 0.872 for reason 'discarding message because the queue is full'
[rviz2-19] [INFO] [1706938074.532854576] [robot3.rviz]: Message Filter dropping message: frame 'camera_rgb_optical_frame' at time 0.845 for reason 'discarding message because the queue is full'
[rviz2-5] [INFO] [1706938074.546629735] [robot1.rviz]: Message Filter dropping message: frame 'odom' at time 0.885 for reason 'discarding message because the queue is full'
[rviz2-5] [INFO] [1706938074.547269961] [robot1.rviz]: Message Filter dropping message: frame 'camera_rgb_optical_frame' at time 0.870 for reason 'discarding message because the queue is full'
[component_container_isolated-15] [INFO] [1706938074.549143128] [robot2.global_costmap.global_costmap]: start
[rviz2-19] [INFO] [1706938074.562528010] [robot3.rviz]: Message Filter dropping message: frame 'camera_rgb_optical_frame' at time 0.870 for reason 'discarding message because the queue is full'
[rviz2-19] [INFO] [1706938074.626777554] [robot3.rviz]: Message Filter dropping message: frame 'odom' at time 0.644 for reason 'discarding message because the queue is full'
[rviz2-12] [INFO] [1706938074.637871375] [robot2.rviz]: Message Filter dropping message: frame 'camera_rgb_optical_frame' at time 0.892 for reason 'discarding message because the queue is full'
[rviz2-12] [INFO] [1706938074.638166081] [robot2.rviz]: Message Filter dropping message: frame 'camera_link' at time 0.893 for reason 'discarding message because the queue is full'
[rviz2-12] [INFO] [1706938074.638252875] [robot2.rviz]: Message Filter dropping message: frame 'odom' at time 0.633 for reason 'discarding message because the queue is full'
[rviz2-5] [INFO] [1706938074.642334551] [robot1.rviz]: Message Filter dropping message: frame 'odom' at time 0.647 for reason 'discarding message because the queue is full'
[rviz2-19] [INFO] [1706938074.691119524] [robot3.rviz]: Message Filter dropping message: frame 'odom' at time 0.916 for reason 'discarding message because the queue is full'
[rviz2-19] [INFO] [1706938074.691310098] [robot3.rviz]: Message Filter dropping message: frame 'camera_link' at time 0.893 for reason 'discarding message because the queue is full'
[rviz2-19] [INFO] [1706938074.691794407] [robot3.rviz]: Message Filter dropping message: frame 'camera_rgb_optical_frame' at time 0.904 for reason 'discarding message because the queue is full'
[rviz2-19] [INFO] [1706938074.758080171] [robot3.rviz]: Message Filter dropping message: frame 'odom' at time 0.950 for reason 'discarding message because the queue is full'
[rviz2-19] [INFO] [1706938074.758397736] [robot3.rviz]: Message Filter dropping message: frame 'camera_link' at time 0.953 for reason 'discarding message because the queue is full'
[rviz2-19] [INFO] [1706938074.759347684] [robot3.rviz]: Message Filter dropping message: frame 'camera_rgb_optical_frame' at time 0.936 for reason 'discarding message because the queue is full'
[component_container_isolated-8] [INFO] [1706938074.763239006] [robot1.global_costmap.global_costmap]: start
[rviz2-19] [INFO] [1706938074.821684898] [robot3.rviz]: Message Filter dropping message: frame 'odom' at time 0.712 for reason 'discarding message because the queue is full'
[component_container_isolated-22] [INFO] [1706938074.851044038] [robot3.global_costmap.global_costmap]: Timed out waiting for transform from base_link to map to become available, tf error: Lookup would require extrapolation into the past.  Requested time 1.290000 but the earliest data is at time 1.402000, when looking up transform from frame [base_link] to frame [map]
[rviz2-19] [INFO] [1706938074.892793891] [robot3.rviz]: Message Filter dropping message: frame 'odom' at time 0.984 for reason 'discarding message because the queue is full'
[rviz2-19] [INFO] [1706938074.893496698] [robot3.rviz]: Message Filter dropping message: frame 'camera_link' at time 0.983 for reason 'discarding message because the queue is full'
[rviz2-19] [INFO] [1706938074.894486934] [robot3.rviz]: Message Filter dropping message: frame 'camera_rgb_optical_frame' at time 0.970 for reason 'discarding message because the queue is full'
[rviz2-19] [INFO] [1706938075.014387390] [robot3.rviz]: Message Filter dropping message: frame 'odom' at time 1.018 for reason 'discarding message because the queue is full'
[rviz2-19] [INFO] [1706938075.014614605] [robot3.rviz]: Message Filter dropping message: frame 'camera_link' at time 1.019 for reason 'discarding message because the queue is full'
[rviz2-19] [INFO] [1706938075.015515188] [robot3.rviz]: Message Filter dropping message: frame 'camera_rgb_optical_frame' at time 1.004 for reason 'discarding message because the queue is full'
[rviz2-19] [INFO] [1706938075.015754711] [robot3.rviz]: Message Filter dropping message: frame 'odom' at time 0.746 for reason 'discarding message because the queue is full'
[rviz2-19] [INFO] [1706938075.141545205] [robot3.rviz]: Message Filter dropping message: frame 'odom' at time 1.052 for reason 'discarding message because the queue is full'
[rviz2-19] [INFO] [1706938075.141758853] [robot3.rviz]: Message Filter dropping message: frame 'camera_link' at time 1.051 for reason 'discarding message because the queue is full'
[rviz2-19] [INFO] [1706938075.142162042] [robot3.rviz]: Message Filter dropping message: frame 'camera_rgb_optical_frame' at time 1.040 for reason 'discarding message because the queue is full'
[rviz2-19] [INFO] [1706938075.238083763] [robot3.rviz]: Message Filter dropping message: frame 'camera_link' at time 1.117 for reason 'discarding message because the queue is full'
[rviz2-19] [INFO] [1706938075.239366079] [robot3.rviz]: Message Filter dropping message: frame 'camera_rgb_optical_frame' at time 1.080 for reason 'discarding message because the queue is full'
[rviz2-19] [INFO] [1706938075.239649824] [robot3.rviz]: Message Filter dropping message: frame 'odom' at time 0.814 for reason 'discarding message because the queue is full'
[rviz2-19] [INFO] [1706938075.273313699] [robot3.rviz]: Message Filter dropping message: frame 'odom' at time 1.086 for reason 'discarding message because the queue is full'
[component_container_isolated-22] [INFO] [1706938075.351176755] [robot3.global_costmap.global_costmap]: start
[rviz2-19] [INFO] [1706938075.429614324] [robot3.rviz]: Message Filter dropping message: frame 'odom' at time 0.882 for reason 'discarding message because the queue is full'
[transformer-36] [INFO] [1706938075.440683572] [robot2.transformer]: Could not transform robot2/map to robot2/base_link: Lookup would require extrapolation into the past.  Requested time 0.953000 but the earliest data is at time 1.202000, when looking up transform from frame [robot2/map] to frame [robot2/base_link]
[transformer-30] [INFO] [1706938075.440683234] [robot1.transformer]: Could not transform robot1/map to robot1/base_link: Lookup would require extrapolation into the past.  Requested time 0.953000 but the earliest data is at time 1.201000, when looking up transform from frame [robot1/map] to frame [robot1/base_link]
[transformer-42] [INFO] [1706938075.443343832] [robot3.transformer]: Could not transform robot3/map to robot3/base_link: Lookup would require extrapolation into the past.  Requested time 0.953000 but the earliest data is at time 1.402000, when looking up transform from frame [robot3/map] to frame [robot3/base_link]
[component_container_isolated-15] [INFO] [1706938075.559527137] [robot2.planner_server]: Activating plugin GridBased of type NavfnPlanner
[component_container_isolated-15] [INFO] [1706938075.561621481] [robot2.planner_server]: Creating bond (planner_server) to lifecycle manager.
[rviz2-12] [INFO] [1706938075.587491867] [rviz2]: Trying to create a map of size 153 x 134 using 1 swatches
[rviz2-12] [ERROR] [1706938075.616821765] [rviz2]: Vertex Program:rviz/glsl120/indexed_8bit_image.vert Fragment Program:rviz/glsl120/indexed_8bit_image.frag GLSL link result : 
[rviz2-12] active samplers with a different type refer to the same texture image unit
[component_container_isolated-15] [INFO] [1706938075.674866473] [robot2.lifecycle_manager_navigation]: Server planner_server connected with bond.
[component_container_isolated-15] [INFO] [1706938075.674964569] [robot2.lifecycle_manager_navigation]: [34m[1mActivating behavior_server[0m[0m
[component_container_isolated-15] [INFO] [1706938075.676088070] [robot2.behavior_server]: Activating
[component_container_isolated-15] [INFO] [1706938075.676181846] [robot2.behavior_server]: Activating spin
[component_container_isolated-15] [INFO] [1706938075.676265624] [robot2.behavior_server]: Activating backup
[component_container_isolated-15] [INFO] [1706938075.676296984] [robot2.behavior_server]: Activating assisted_teleop
[component_container_isolated-15] [INFO] [1706938075.676341911] [robot2.behavior_server]: Activating wait
[component_container_isolated-15] [INFO] [1706938075.676367609] [robot2.behavior_server]: Creating bond (behavior_server) to lifecycle manager.
[component_container_isolated-8] [INFO] [1706938075.769036815] [robot1.planner_server]: Activating plugin GridBased of type NavfnPlanner
[component_container_isolated-8] [INFO] [1706938075.770845754] [robot1.planner_server]: Creating bond (planner_server) to lifecycle manager.
[component_container_isolated-15] [INFO] [1706938075.780634728] [robot2.lifecycle_manager_navigation]: Server behavior_server connected with bond.
[component_container_isolated-15] [INFO] [1706938075.780767895] [robot2.lifecycle_manager_navigation]: [34m[1mActivating bt_navigator[0m[0m
[component_container_isolated-15] [INFO] [1706938075.783109389] [robot2.bt_navigator]: Activating
[rviz2-5] [INFO] [1706938075.808759188] [rviz2]: Trying to create a map of size 153 x 134 using 1 swatches
[rviz2-5] [ERROR] [1706938075.824748847] [rviz2]: Vertex Program:rviz/glsl120/indexed_8bit_image.vert Fragment Program:rviz/glsl120/indexed_8bit_image.frag GLSL link result : 
[rviz2-5] active samplers with a different type refer to the same texture image unit
[rviz2-19] [INFO] [1706938075.835326386] [rviz2]: Trying to create a map of size 300 x 300 using 1 swatches
[rviz2-5] [INFO] [1706938075.858325074] [rviz2]: Trying to create a map of size 300 x 300 using 1 swatches
[rviz2-12] [INFO] [1706938075.860508582] [rviz2]: Trying to create a map of size 300 x 300 using 1 swatches
[component_container_isolated-8] [INFO] [1706938075.880937183] [robot1.lifecycle_manager_navigation]: Server planner_server connected with bond.
[component_container_isolated-8] [INFO] [1706938075.881044287] [robot1.lifecycle_manager_navigation]: [34m[1mActivating behavior_server[0m[0m
[component_container_isolated-8] [INFO] [1706938075.882362895] [robot1.behavior_server]: Activating
[component_container_isolated-8] [INFO] [1706938075.882403906] [robot1.behavior_server]: Activating spin
[component_container_isolated-8] [INFO] [1706938075.882442573] [robot1.behavior_server]: Activating backup
[component_container_isolated-8] [INFO] [1706938075.882463681] [robot1.behavior_server]: Activating assisted_teleop
[component_container_isolated-8] [INFO] [1706938075.882485438] [robot1.behavior_server]: Activating wait
[component_container_isolated-8] [INFO] [1706938075.882508231] [robot1.behavior_server]: Creating bond (behavior_server) to lifecycle manager.
[rviz2-19] [ERROR] [1706938075.883654511] [rviz2]: Vertex Program:rviz/glsl120/indexed_8bit_image.vert Fragment Program:rviz/glsl120/indexed_8bit_image.frag GLSL link result : 
[rviz2-19] active samplers with a different type refer to the same texture image unit
[component_container_isolated-8] [INFO] [1706938075.990057546] [robot1.lifecycle_manager_navigation]: Server behavior_server connected with bond.
[component_container_isolated-8] [INFO] [1706938075.990192007] [robot1.lifecycle_manager_navigation]: [34m[1mActivating bt_navigator[0m[0m
[component_container_isolated-8] [INFO] [1706938075.993882535] [robot1.bt_navigator]: Activating
[component_container_isolated-15] [INFO] [1706938076.268687370] [robot2.bt_navigator]: Creating bond (bt_navigator) to lifecycle manager.
[component_container_isolated-22] [INFO] [1706938076.361502826] [robot3.planner_server]: Activating plugin GridBased of type NavfnPlanner
[component_container_isolated-22] [INFO] [1706938076.363691057] [robot3.planner_server]: Creating bond (planner_server) to lifecycle manager.
[component_container_isolated-15] [INFO] [1706938076.384752713] [robot2.lifecycle_manager_navigation]: Server bt_navigator connected with bond.
[component_container_isolated-15] [INFO] [1706938076.384891461] [robot2.lifecycle_manager_navigation]: [34m[1mActivating waypoint_follower[0m[0m
[component_container_isolated-15] [INFO] [1706938076.387976180] [robot2.waypoint_follower]: Activating
[component_container_isolated-15] [INFO] [1706938076.388052953] [robot2.waypoint_follower]: Creating bond (waypoint_follower) to lifecycle manager.
[rviz2-19] [INFO] [1706938076.458377060] [rviz2]: Trying to create a map of size 153 x 134 using 1 swatches
[component_container_isolated-22] [INFO] [1706938076.488472440] [robot3.lifecycle_manager_navigation]: Server planner_server connected with bond.
[component_container_isolated-22] [INFO] [1706938076.488542035] [robot3.lifecycle_manager_navigation]: [34m[1mActivating behavior_server[0m[0m
[component_container_isolated-22] [INFO] [1706938076.490372378] [robot3.behavior_server]: Activating
[component_container_isolated-22] [INFO] [1706938076.490433380] [robot3.behavior_server]: Activating spin
[component_container_isolated-22] [INFO] [1706938076.490493446] [robot3.behavior_server]: Activating backup
[component_container_isolated-22] [INFO] [1706938076.490521572] [robot3.behavior_server]: Activating assisted_teleop
[component_container_isolated-22] [INFO] [1706938076.490549926] [robot3.behavior_server]: Activating wait
[component_container_isolated-22] [INFO] [1706938076.490579610] [robot3.behavior_server]: Creating bond (behavior_server) to lifecycle manager.
[component_container_isolated-15] [INFO] [1706938076.497306282] [robot2.lifecycle_manager_navigation]: Server waypoint_follower connected with bond.
[component_container_isolated-15] [INFO] [1706938076.497382551] [robot2.lifecycle_manager_navigation]: [34m[1mActivating velocity_smoother[0m[0m
[component_container_isolated-15] [INFO] [1706938076.499160479] [robot2.velocity_smoother]: Activating
[component_container_isolated-15] [INFO] [1706938076.499325940] [robot2.velocity_smoother]: Creating bond (velocity_smoother) to lifecycle manager.
[component_container_isolated-8] [INFO] [1706938076.543970977] [robot1.bt_navigator]: Creating bond (bt_navigator) to lifecycle manager.
[component_container_isolated-22] [INFO] [1706938076.596023438] [robot3.lifecycle_manager_navigation]: Server behavior_server connected with bond.
[component_container_isolated-22] [INFO] [1706938076.596121554] [robot3.lifecycle_manager_navigation]: [34m[1mActivating bt_navigator[0m[0m
[component_container_isolated-22] [INFO] [1706938076.597701351] [robot3.bt_navigator]: Activating
[component_container_isolated-15] [INFO] [1706938076.620386703] [robot2.lifecycle_manager_navigation]: Server velocity_smoother connected with bond.
[component_container_isolated-15] [INFO] [1706938076.620475404] [robot2.lifecycle_manager_navigation]: [34m[1mManaged nodes are active[0m[0m
[component_container_isolated-15] [INFO] [1706938076.620509849] [robot2.lifecycle_manager_navigation]: [34m[1mCreating bond timer...[0m[0m
[component_container_isolated-8] [INFO] [1706938076.664166559] [robot1.lifecycle_manager_navigation]: Server bt_navigator connected with bond.
[component_container_isolated-8] [INFO] [1706938076.664353568] [robot1.lifecycle_manager_navigation]: [34m[1mActivating waypoint_follower[0m[0m
[component_container_isolated-8] [INFO] [1706938076.667722720] [robot1.waypoint_follower]: Activating
[component_container_isolated-8] [INFO] [1706938076.667927590] [robot1.waypoint_follower]: Creating bond (waypoint_follower) to lifecycle manager.
[component_container_isolated-8] [INFO] [1706938076.780060900] [robot1.lifecycle_manager_navigation]: Server waypoint_follower connected with bond.
[component_container_isolated-8] [INFO] [1706938076.780178775] [robot1.lifecycle_manager_navigation]: [34m[1mActivating velocity_smoother[0m[0m
[component_container_isolated-8] [INFO] [1706938076.784156146] [robot1.velocity_smoother]: Activating
[component_container_isolated-8] [INFO] [1706938076.784324890] [robot1.velocity_smoother]: Creating bond (velocity_smoother) to lifecycle manager.
[component_container_isolated-8] [INFO] [1706938076.889669156] [robot1.lifecycle_manager_navigation]: Server velocity_smoother connected with bond.
[component_container_isolated-8] [INFO] [1706938076.889733319] [robot1.lifecycle_manager_navigation]: [34m[1mManaged nodes are active[0m[0m
[component_container_isolated-8] [INFO] [1706938076.889751295] [robot1.lifecycle_manager_navigation]: [34m[1mCreating bond timer...[0m[0m
[component_container_isolated-22] [INFO] [1706938077.109820960] [robot3.bt_navigator]: Creating bond (bt_navigator) to lifecycle manager.
[component_container_isolated-22] [INFO] [1706938077.222402023] [robot3.lifecycle_manager_navigation]: Server bt_navigator connected with bond.
[component_container_isolated-22] [INFO] [1706938077.222473299] [robot3.lifecycle_manager_navigation]: [34m[1mActivating waypoint_follower[0m[0m
[component_container_isolated-22] [INFO] [1706938077.223230307] [robot3.waypoint_follower]: Activating
[component_container_isolated-22] [INFO] [1706938077.223288947] [robot3.waypoint_follower]: Creating bond (waypoint_follower) to lifecycle manager.
[component_container_isolated-22] [INFO] [1706938077.335701147] [robot3.lifecycle_manager_navigation]: Server waypoint_follower connected with bond.
[component_container_isolated-22] [INFO] [1706938077.335801665] [robot3.lifecycle_manager_navigation]: [34m[1mActivating velocity_smoother[0m[0m
[component_container_isolated-22] [INFO] [1706938077.337380310] [robot3.velocity_smoother]: Activating
[component_container_isolated-22] [INFO] [1706938077.337546666] [robot3.velocity_smoother]: Creating bond (velocity_smoother) to lifecycle manager.
[component_container_isolated-22] [INFO] [1706938077.455112433] [robot3.lifecycle_manager_navigation]: Server velocity_smoother connected with bond.
[component_container_isolated-22] [INFO] [1706938077.455200440] [robot3.lifecycle_manager_navigation]: [34m[1mManaged nodes are active[0m[0m
[component_container_isolated-22] [INFO] [1706938077.455219368] [robot3.lifecycle_manager_navigation]: [34m[1mCreating bond timer...[0m[0m
[component_container_isolated-22] [INFO] [1706938078.471725606] [robot3.amcl]: Message Filter dropping message: frame 'base_scan' at time 1.202 for reason 'the timestamp on the message is earlier than all the data in the transform cache'
[rviz2-12] [INFO] [1706938078.527099175] [robot2.rviz]: Message Filter dropping message: frame 'camera_link' at time 0.925 for reason 'discarding message because the queue is full'
[autonomous_navigation-31] [INFO] [1706938078.564530767] [robot1.autonomous_navigation]: Nav2 is ready for use!
[autonomous_navigation-31] [INFO] [1706938078.656182692] [robot1.autonomous_navigation]: Lethal Detected: 0.000
[autonomous_navigation-31] [INFO] [1706938078.657594179] [robot1.autonomous_navigation]: Canceling current task.
[autonomous_navigation-31] [INFO] [1706938078.665595404] [robot1.autonomous_navigation]: Backing up 0.15 m at 0.11 m/s....
[component_container_isolated-8] [INFO] [1706938078.667312000] [robot1.behavior_server]: Running backup
[autonomous_navigation-37] [INFO] [1706938079.067436822] [robot2.autonomous_navigation]: Nav2 is ready for use!
